<html>
<body>
<pre>
<h1>礦ision Build Log</h1>
<h2>Tool Versions:</h2>
IDE-Version: μVision V5.14.0.0
Copyright (C) 2015 ARM Ltd and ARM Germany GmbH. All rights reserved.
License Information: D R, Desert Rangers, LIC=76FSB-2TCZN-U4NS7-E7ZXP-J0CQE-0WNH9
 
Tool Versions:
Toolchain:       MDK-ARM Standard  Version: 5.14.0.0
Toolchain Path:  D:\KEIL V514\ARM\ARMCC\Bin
C Compiler:      Armcc.exe V5.05 update 1 (build 106)
Assembler:       Armasm.exe V5.05 update 1 (build 106)
Linker/Locator:  ArmLink.exe V5.05 update 1 (build 106)
Library Manager: ArmAr.exe V5.05 update 1 (build 106)
Hex Converter:   FromElf.exe V5.05 update 1 (build 106)
CPU DLL:         SARMCM3.DLL V5.14.0.0
Dialog DLL:      DARMSTM.DLL V1.65.0.0
Target DLL:      STLink\ST-LINKIII-KEIL_SWO.dll V2.0.14.0_KEIL
Dialog DLL:      TARMSTM.DLL V1.64.0.0
 
<h2>Project:</h2>
E:\2017华北五省机器人大赛\程序\擂台\擂台基本框架-余鑫\Arena_Base_YuXin.uvprojx
Project File Date:  11/10/2017

<h2>Output:</h2>
Build target 'Arena_Base_YuXin'
compiling control.c...
linking...
Program Size: Code=11536 RO-data=424 RW-data=436 ZI-data=2484  
FromELF: creating hex file...
".\OBJ\Arena_Base_YuXin.axf" - 0 Error(s), 0 Warning(s).

<h2>Collection of Component include folders:</h2>
  E:\2017华北五省机器人大赛\程序\擂台\擂台基本框架-余鑫\RTE
  D:\KEIL V514\ARM\PACK\Keil\STM32F4xx_DFP\2.11.0

<h2>Collection of Component Files used:</h2>
</pre>
</body>
</html>
