Component: ARM Compiler 5.05 update 1 (build 106) Tool: armlink [4d0efa]

==============================================================================

Section Cross References

    main.o(i.main) refers to misc.o(i.NVIC_PriorityGroupConfig) for NVIC_PriorityGroupConfig
    main.o(i.main) refers to delay.o(i.delay_init) for delay_init
    main.o(i.main) refers to control.o(i.SetWorkState) for SetWorkState
    main.o(i.main) refers to pid.o(i.PID_Init) for PID_Init
    main.o(i.main) refers to base_deal.o(i.Servo_PWM_Init) for Servo_PWM_Init
    main.o(i.main) refers to led.o(i.LED_Init) for LED_Init
    main.o(i.main) refers to key.o(i.KEY_Init) for KEY_Init
    main.o(i.main) refers to can.o(i.CAN1_Init) for CAN1_Init
    main.o(i.main) refers to timer.o(i.TIM3_Int_Init) for TIM3_Int_Init
    main.o(i.main) refers to adc.o(i.Adc_Init) for Adc_Init
    main.o(i.main) refers to base_deal.o(i.InfraredSensor_Scanf) for InfraredSensor_Scanf
    main.o(i.main) refers to pid.o(.bss) for CM1_Speed_Pid
    system_stm32f4xx.o(i.SystemCoreClockUpdate) refers to system_stm32f4xx.o(.data) for SystemCoreClock
    system_stm32f4xx.o(i.SystemInit) refers to system_stm32f4xx.o(i.SetSysClock) for SetSysClock
    timer.o(i.TIM3_IRQHandler) refers to stm32f4xx_tim.o(i.TIM_GetITStatus) for TIM_GetITStatus
    timer.o(i.TIM3_IRQHandler) refers to control.o(i.Control_Task) for Control_Task
    timer.o(i.TIM3_IRQHandler) refers to stm32f4xx_tim.o(i.TIM_ClearITPendingBit) for TIM_ClearITPendingBit
    timer.o(i.TIM3_IRQHandler) refers to timer.o(.data) for time_2ms_count
    timer.o(i.TIM3_Int_Init) refers to stm32f4xx_rcc.o(i.RCC_APB1PeriphClockCmd) for RCC_APB1PeriphClockCmd
    timer.o(i.TIM3_Int_Init) refers to stm32f4xx_tim.o(i.TIM_TimeBaseInit) for TIM_TimeBaseInit
    timer.o(i.TIM3_Int_Init) refers to stm32f4xx_tim.o(i.TIM_ITConfig) for TIM_ITConfig
    timer.o(i.TIM3_Int_Init) refers to stm32f4xx_tim.o(i.TIM_Cmd) for TIM_Cmd
    timer.o(i.TIM3_Int_Init) refers to misc.o(i.NVIC_Init) for NVIC_Init
    timer.o(i.TIM5_CH1_Cap_Init) refers to stm32f4xx_rcc.o(i.RCC_APB1PeriphClockCmd) for RCC_APB1PeriphClockCmd
    timer.o(i.TIM5_CH1_Cap_Init) refers to stm32f4xx_rcc.o(i.RCC_AHB1PeriphClockCmd) for RCC_AHB1PeriphClockCmd
    timer.o(i.TIM5_CH1_Cap_Init) refers to stm32f4xx_gpio.o(i.GPIO_Init) for GPIO_Init
    timer.o(i.TIM5_CH1_Cap_Init) refers to stm32f4xx_gpio.o(i.GPIO_PinAFConfig) for GPIO_PinAFConfig
    timer.o(i.TIM5_CH1_Cap_Init) refers to stm32f4xx_tim.o(i.TIM_TimeBaseInit) for TIM_TimeBaseInit
    timer.o(i.TIM5_CH1_Cap_Init) refers to stm32f4xx_tim.o(i.TIM_ICInit) for TIM_ICInit
    timer.o(i.TIM5_CH1_Cap_Init) refers to stm32f4xx_tim.o(i.TIM_ITConfig) for TIM_ITConfig
    timer.o(i.TIM5_CH1_Cap_Init) refers to stm32f4xx_tim.o(i.TIM_Cmd) for TIM_Cmd
    timer.o(i.TIM5_CH1_Cap_Init) refers to misc.o(i.NVIC_Init) for NVIC_Init
    timer.o(i.TIM5_CH1_Cap_Init) refers to timer.o(.bss) for TIM5_ICInitStructure
    timer.o(i.TIM5_IRQHandler) refers to stm32f4xx_tim.o(i.TIM_GetITStatus) for TIM_GetITStatus
    timer.o(i.TIM5_IRQHandler) refers to stm32f4xx_tim.o(i.TIM_GetCapture2) for TIM_GetCapture2
    timer.o(i.TIM5_IRQHandler) refers to stm32f4xx_tim.o(i.TIM_OC2PolarityConfig) for TIM_OC2PolarityConfig
    timer.o(i.TIM5_IRQHandler) refers to stm32f4xx_tim.o(i.TIM_Cmd) for TIM_Cmd
    timer.o(i.TIM5_IRQHandler) refers to stm32f4xx_tim.o(i.TIM_SetCounter) for TIM_SetCounter
    timer.o(i.TIM5_IRQHandler) refers to stm32f4xx_tim.o(i.TIM_ClearITPendingBit) for TIM_ClearITPendingBit
    timer.o(i.TIM5_IRQHandler) refers to timer.o(.data) for TIM5CH2_CAPTURE_STA
    led.o(i.LED_Init) refers to stm32f4xx_rcc.o(i.RCC_AHB1PeriphClockCmd) for RCC_AHB1PeriphClockCmd
    led.o(i.LED_Init) refers to stm32f4xx_gpio.o(i.GPIO_Init) for GPIO_Init
    led.o(i.LED_Init) refers to stm32f4xx_gpio.o(i.GPIO_SetBits) for GPIO_SetBits
    key.o(i.KEY_Init) refers to stm32f4xx_rcc.o(i.RCC_AHB1PeriphClockCmd) for RCC_AHB1PeriphClockCmd
    key.o(i.KEY_Init) refers to stm32f4xx_gpio.o(i.GPIO_Init) for GPIO_Init
    can.o(i.CAN1_Init) refers to stm32f4xx_rcc.o(i.RCC_AHB1PeriphClockCmd) for RCC_AHB1PeriphClockCmd
    can.o(i.CAN1_Init) refers to stm32f4xx_rcc.o(i.RCC_APB1PeriphClockCmd) for RCC_APB1PeriphClockCmd
    can.o(i.CAN1_Init) refers to stm32f4xx_gpio.o(i.GPIO_Init) for GPIO_Init
    can.o(i.CAN1_Init) refers to stm32f4xx_gpio.o(i.GPIO_PinAFConfig) for GPIO_PinAFConfig
    can.o(i.CAN1_Init) refers to stm32f4xx_can.o(i.CAN_Init) for CAN_Init
    can.o(i.CAN1_Init) refers to stm32f4xx_can.o(i.CAN_FilterInit) for CAN_FilterInit
    can.o(i.CAN1_Init) refers to stm32f4xx_can.o(i.CAN_ITConfig) for CAN_ITConfig
    can.o(i.CAN1_Init) refers to misc.o(i.NVIC_Init) for NVIC_Init
    can.o(i.CAN1_RX0_IRQHandler) refers to stm32f4xx_can.o(i.CAN_GetITStatus) for CAN_GetITStatus
    can.o(i.CAN1_RX0_IRQHandler) refers to stm32f4xx_can.o(i.CAN_ClearITPendingBit) for CAN_ClearITPendingBit
[...]
    Removing stm32f4xx_usart.o(i.USART_ClockStructInit), (12 bytes).
    Removing stm32f4xx_usart.o(i.USART_Cmd), (24 bytes).
    Removing stm32f4xx_usart.o(i.USART_DMACmd), (18 bytes).
    Removing stm32f4xx_usart.o(i.USART_DeInit), (240 bytes).
    Removing stm32f4xx_usart.o(i.USART_GetFlagStatus), (26 bytes).
    Removing stm32f4xx_usart.o(i.USART_HalfDuplexCmd), (24 bytes).
    Removing stm32f4xx_usart.o(i.USART_ITConfig), (74 bytes).
    Removing stm32f4xx_usart.o(i.USART_Init), (212 bytes).
    Removing stm32f4xx_usart.o(i.USART_IrDACmd), (24 bytes).
    Removing stm32f4xx_usart.o(i.USART_IrDAConfig), (18 bytes).
    Removing stm32f4xx_usart.o(i.USART_LINBreakDetectLengthConfig), (18 bytes).
    Removing stm32f4xx_usart.o(i.USART_LINCmd), (24 bytes).
    Removing stm32f4xx_usart.o(i.USART_OneBitMethodCmd), (24 bytes).
    Removing stm32f4xx_usart.o(i.USART_OverSampling8Cmd), (22 bytes).
    Removing stm32f4xx_usart.o(i.USART_ReceiverWakeUpCmd), (24 bytes).
    Removing stm32f4xx_usart.o(i.USART_SendBreak), (10 bytes).
    Removing stm32f4xx_usart.o(i.USART_SendData), (8 bytes).
    Removing stm32f4xx_usart.o(i.USART_SetAddress), (18 bytes).
    Removing stm32f4xx_usart.o(i.USART_SetGuardTime), (16 bytes).
    Removing stm32f4xx_usart.o(i.USART_SetPrescaler), (16 bytes).
    Removing stm32f4xx_usart.o(i.USART_SmartCardCmd), (24 bytes).
    Removing stm32f4xx_usart.o(i.USART_SmartCardNACKCmd), (24 bytes).
    Removing stm32f4xx_usart.o(i.USART_StructInit), (24 bytes).
    Removing stm32f4xx_usart.o(i.USART_WakeUpConfig), (18 bytes).
    Removing stm32f4xx_adc.o(.rev16_text), (4 bytes).
    Removing stm32f4xx_adc.o(.revsh_text), (4 bytes).
    Removing stm32f4xx_adc.o(i.ADC_AnalogWatchdogCmd), (20 bytes).
    Removing stm32f4xx_adc.o(i.ADC_AnalogWatchdogSingleChannelConfig), (16 bytes).
    Removing stm32f4xx_adc.o(i.ADC_AnalogWatchdogThresholdsConfig), (6 bytes).
    Removing stm32f4xx_adc.o(i.ADC_AutoInjectedConvCmd), (22 bytes).
    Removing stm32f4xx_adc.o(i.ADC_ClearFlag), (6 bytes).
    Removing stm32f4xx_adc.o(i.ADC_ClearITPendingBit), (10 bytes).
    Removing stm32f4xx_adc.o(i.ADC_CommonStructInit), (12 bytes).
    Removing stm32f4xx_adc.o(i.ADC_ContinuousModeCmd), (22 bytes).
    Removing stm32f4xx_adc.o(i.ADC_DMACmd), (22 bytes).
    Removing stm32f4xx_adc.o(i.ADC_DMARequestAfterLastTransferCmd), (22 bytes).
    Removing stm32f4xx_adc.o(i.ADC_DeInit), (22 bytes).
    Removing stm32f4xx_adc.o(i.ADC_DiscModeChannelCountConfig), (24 bytes).
    Removing stm32f4xx_adc.o(i.ADC_DiscModeCmd), (22 bytes).
    Removing stm32f4xx_adc.o(i.ADC_EOCOnEachRegularChannelCmd), (22 bytes).
    Removing stm32f4xx_adc.o(i.ADC_ExternalTrigInjectedConvConfig), (16 bytes).
    Removing stm32f4xx_adc.o(i.ADC_ExternalTrigInjectedConvEdgeConfig), (16 bytes).
    Removing stm32f4xx_adc.o(i.ADC_GetITStatus), (38 bytes).
    Removing stm32f4xx_adc.o(i.ADC_GetInjectedConversionValue), (28 bytes).
    Removing stm32f4xx_adc.o(i.ADC_GetMultiModeConversionValue), (12 bytes).
    Removing stm32f4xx_adc.o(i.ADC_GetSoftwareStartConvStatus), (20 bytes).
    Removing stm32f4xx_adc.o(i.ADC_GetSoftwareStartInjectedConvCmdStatus), (20 bytes).
    Removing stm32f4xx_adc.o(i.ADC_ITConfig), (32 bytes).
    Removing stm32f4xx_adc.o(i.ADC_InjectedChannelConfig), (130 bytes).
    Removing stm32f4xx_adc.o(i.ADC_InjectedDiscModeCmd), (22 bytes).
    Removing stm32f4xx_adc.o(i.ADC_InjectedSequencerLengthConfig), (24 bytes).
    Removing stm32f4xx_adc.o(i.ADC_MultiModeDMARequestAfterLastTransferCmd), (44 bytes).
    Removing stm32f4xx_adc.o(i.ADC_SetInjectedOffset), (20 bytes).
    Removing stm32f4xx_adc.o(i.ADC_SoftwareStartInjectedConv), (10 bytes).
    Removing stm32f4xx_adc.o(i.ADC_StructInit), (20 bytes).
    Removing stm32f4xx_adc.o(i.ADC_TempSensorVrefintCmd), (44 bytes).
    Removing stm32f4xx_adc.o(i.ADC_VBATCmd), (44 bytes).

281 unused section(s) (total 8858 bytes) removed from the image.

==============================================================================

Image Symbol Table

    Local Symbols

    Symbol Name                              Value     Ov Type        Size  Object(Section)

    ../clib/angel/boardlib.s                 0x00000000   Number         0  boardinit1.o ABSOLUTE
    ../clib/angel/boardlib.s                 0x00000000   Number         0  boardshut.o ABSOLUTE
    ../clib/angel/boardlib.s                 0x00000000   Number         0  boardinit2.o ABSOLUTE
    ../clib/angel/boardlib.s                 0x00000000   Number         0  boardinit3.o ABSOLUTE
    ../clib/angel/dczerorl2.s                0x00000000   Number         0  __dczerorl2.o ABSOLUTE
    ../clib/angel/handlers.s                 0x00000000   Number         0  __scatter_zi.o ABSOLUTE
    ../clib/angel/kernel.s                   0x00000000   Number         0  __rtentry.o ABSOLUTE
    ../clib/angel/kernel.s                   0x00000000   Number         0  rtexit.o ABSOLUTE
    ../clib/angel/kernel.s                   0x00000000   Number         0  __rtentry2.o ABSOLUTE
    ../clib/angel/kernel.s                   0x00000000   Number         0  __rtentry4.o ABSOLUTE
    ../clib/angel/kernel.s                   0x00000000   Number         0  rtexit2.o ABSOLUTE
    ../clib/angel/rt.s                       0x00000000   Number         0  rt_raise.o ABSOLUTE
    ../clib/angel/scatter.s                  0x00000000   Number         0  __scatter.o ABSOLUTE
    ../clib/angel/startup.s                  0x00000000   Number         0  __main.o ABSOLUTE
    ../clib/angel/sys.s                      0x00000000   Number         0  use_no_semi_2.o ABSOLUTE
    ../clib/angel/sys.s                      0x00000000   Number         0  indicate_semi.o ABSOLUTE
    ../clib/angel/sys.s                      0x00000000   Number         0  sys_stackheap_outer.o ABSOLUTE
    ../clib/angel/sys.s                      0x00000000   Number         0  libspace.o ABSOLUTE
    ../clib/angel/sys.s                      0x00000000   Number         0  use_no_semi.o ABSOLUTE
    ../clib/angel/sysapp.c                   0x00000000   Number         0  sys_wrch.o ABSOLUTE
    ../clib/angel/sysapp.c                   0x00000000   Number         0  sys_command.o ABSOLUTE
    ../clib/armsys.c                         0x00000000   Number         0  argv_veneer.o ABSOLUTE
    ../clib/armsys.c                         0x00000000   Number         0  argv_veneer.o ABSOLUTE
    ../clib/armsys.c                         0x00000000   Number         0  _get_argv_nomalloc.o ABSOLUTE
    ../clib/armsys.c                         0x00000000   Number         0  no_argv.o ABSOLUTE
    ../clib/heapalloc.c                      0x00000000   Number         0  hrguard.o ABSOLUTE
    ../clib/heapaux.c                        0x00000000   Number         0  heapauxi.o ABSOLUTE
    ../clib/libinit.s                        0x00000000   Number         0  libshutdown.o ABSOLUTE
    ../clib/libinit.s                        0x00000000   Number         0  libshutdown2.o ABSOLUTE
    ../clib/libinit.s                        0x00000000   Number         0  libinit2.o ABSOLUTE
    ../clib/libinit.s                        0x00000000   Number         0  libinit.o ABSOLUTE
    ../clib/signal.c                         0x00000000   Number         0  __raise.o ABSOLUTE
    ../clib/signal.c                         0x00000000   Number         0  defsig_general.o ABSOLUTE
    ../clib/signal.c                         0x00000000   Number         0  defsig_stak_inner.o ABSOLUTE
    ../clib/signal.c                         0x00000000   Number         0  defsig_rtmem_formal.o ABSOLUTE
    ../clib/signal.c                         0x00000000   Number         0  defsig_segv_inner.o ABSOLUTE
    ../clib/signal.c                         0x00000000   Number         0  defsig_other.o ABSOLUTE
    ../clib/signal.c                         0x00000000   Number         0  defsig_rtmem_outer.o ABSOLUTE
    ../clib/signal.c                         0x00000000   Number         0  defsig_cppl_inner.o ABSOLUTE
    ../clib/signal.c                         0x00000000   Number         0  defsig_exit.o ABSOLUTE
    ../clib/signal.c                         0x00000000   Number         0  defsig_rtred_inner.o ABSOLUTE
    ../clib/signal.c                         0x00000000   Number         0  defsig_fpe_inner.o ABSOLUTE
    ../clib/signal.c                         0x00000000   Number         0  defsig_pvfn_inner.o ABSOLUTE
    ../clib/signal.c                         0x00000000   Number         0  defsig_abrt_inner.o ABSOLUTE
    ../clib/signal.c                         0x00000000   Number         0  defsig_rtmem_inner.o ABSOLUTE
    ../clib/signal.s                         0x00000000   Number         0  defsig.o ABSOLUTE
    ../clib/stdlib.c                         0x00000000   Number         0  exit.o ABSOLUTE
    ../fplib/basic.s                         0x00000000   Number         0  basic.o ABSOLUTE
    ../fplib/d2f.s                           0x00000000   Number         0  d2f.o ABSOLUTE
    ../fplib/daddsub.s                       0x00000000   Number         0  daddsub_clz.o ABSOLUTE
    ../fplib/dcmpi.s                         0x00000000   Number         0  dcmpi.o ABSOLUTE
    ../fplib/dfix.s                          0x00000000   Number         0  dfix.o ABSOLUTE
    ../fplib/dflt.s                          0x00000000   Number         0  dflt_clz.o ABSOLUTE
    ../fplib/dleqf.s                         0x00000000   Number         0  dleqf.o ABSOLUTE
    ../fplib/dmul.s                          0x00000000   Number         0  dmul.o ABSOLUTE
    ../fplib/dnaninf.s                       0x00000000   Number         0  dnaninf.o ABSOLUTE
    ../fplib/dretinf.s                       0x00000000   Number         0  dretinf.o ABSOLUTE
    ../fplib/drleqf.s                        0x00000000   Number         0  drleqf.o ABSOLUTE
    ../fplib/f2d.s                           0x00000000   Number         0  f2d.o ABSOLUTE
    ../fplib/fnaninf.s                       0x00000000   Number         0  fnaninf.o ABSOLUTE
    ../fplib/fpinit.s                        0x00000000   Number         0  fpinit.o ABSOLUTE
    ../fplib/fretinf.s                       0x00000000   Number         0  fretinf.o ABSOLUTE
    ../fplib/usenofp.s                       0x00000000   Number         0  usenofp.o ABSOLUTE
    BASE_DRIVE\\adc.c                        0x00000000   Number         0  adc.o ABSOLUTE
    BASE_DRIVE\\can.c                        0x00000000   Number         0  can.o ABSOLUTE
    BASE_DRIVE\\key.c                        0x00000000   Number         0  key.o ABSOLUTE
    BASE_DRIVE\\led.c                        0x00000000   Number         0  led.o ABSOLUTE
    BASE_DRIVE\\pwm.c                        0x00000000   Number         0  pwm.o ABSOLUTE
    BASE_DRIVE\\timer.c                      0x00000000   Number         0  timer.o ABSOLUTE
    BASE_DRIVE\adc.c                         0x00000000   Number         0  adc.o ABSOLUTE
    BASE_DRIVE\can.c                         0x00000000   Number         0  can.o ABSOLUTE
    BASE_DRIVE\key.c                         0x00000000   Number         0  key.o ABSOLUTE
    BASE_DRIVE\led.c                         0x00000000   Number         0  led.o ABSOLUTE
    BASE_DRIVE\pwm.c                         0x00000000   Number         0  pwm.o ABSOLUTE
    BASE_DRIVE\timer.c                       0x00000000   Number         0  timer.o ABSOLUTE
    CONTROL_TASK\\base_deal.c                0x00000000   Number         0  base_deal.o ABSOLUTE
    CONTROL_TASK\\control.c                  0x00000000   Number         0  control.o ABSOLUTE
    CONTROL_TASK\base_deal.c                 0x00000000   Number         0  base_deal.o ABSOLUTE
    CONTROL_TASK\control.c                   0x00000000   Number         0  control.o ABSOLUTE
    CORE\startup_stm32f40_41xxx.s            0x00000000   Number         0  startup_stm32f40_41xxx.o ABSOLUTE
    DATE_TASK\\date_deal.c                   0x00000000   Number         0  date_deal.o ABSOLUTE
    DATE_TASK\\pid.c                         0x00000000   Number         0  pid.o ABSOLUTE
    DATE_TASK\date_deal.c                    0x00000000   Number         0  date_deal.o ABSOLUTE
    DATE_TASK\pid.c                          0x00000000   Number         0  pid.o ABSOLUTE
    FWLIB\\src\\misc.c                       0x00000000   Number         0  misc.o ABSOLUTE
    FWLIB\\src\\stm32f4xx_adc.c              0x00000000   Number         0  stm32f4xx_adc.o ABSOLUTE
    FWLIB\\src\\stm32f4xx_can.c              0x00000000   Number         0  stm32f4xx_can.o ABSOLUTE
    FWLIB\\src\\stm32f4xx_gpio.c             0x00000000   Number         0  stm32f4xx_gpio.o ABSOLUTE
    FWLIB\\src\\stm32f4xx_rcc.c              0x00000000   Number         0  stm32f4xx_rcc.o ABSOLUTE
    FWLIB\\src\\stm32f4xx_syscfg.c           0x00000000   Number         0  stm32f4xx_syscfg.o ABSOLUTE
    FWLIB\\src\\stm32f4xx_tim.c              0x00000000   Number         0  stm32f4xx_tim.o ABSOLUTE
    FWLIB\\src\\stm32f4xx_usart.c            0x00000000   Number         0  stm32f4xx_usart.o ABSOLUTE
    FWLIB\src\misc.c                         0x00000000   Number         0  misc.o ABSOLUTE
    FWLIB\src\stm32f4xx_adc.c                0x00000000   Number         0  stm32f4xx_adc.o ABSOLUTE
    FWLIB\src\stm32f4xx_can.c                0x00000000   Number         0  stm32f4xx_can.o ABSOLUTE
    FWLIB\src\stm32f4xx_gpio.c               0x00000000   Number         0  stm32f4xx_gpio.o ABSOLUTE
    FWLIB\src\stm32f4xx_rcc.c                0x00000000   Number         0  stm32f4xx_rcc.o ABSOLUTE
    FWLIB\src\stm32f4xx_syscfg.c             0x00000000   Number         0  stm32f4xx_syscfg.o ABSOLUTE
    FWLIB\src\stm32f4xx_tim.c                0x00000000   Number         0  stm32f4xx_tim.o ABSOLUTE
    FWLIB\src\stm32f4xx_usart.c              0x00000000   Number         0  stm32f4xx_usart.o ABSOLUTE
    SYSTEM\\delay\\delay.c                   0x00000000   Number         0  delay.o ABSOLUTE
    SYSTEM\\sys\\sys.c                       0x00000000   Number         0  sys.o ABSOLUTE
    SYSTEM\\usart\\usart.c                   0x00000000   Number         0  usart.o ABSOLUTE
    SYSTEM\delay\delay.c                     0x00000000   Number         0  delay.o ABSOLUTE
    SYSTEM\sys\sys.c                         0x00000000   Number         0  sys.o ABSOLUTE
    SYSTEM\usart\usart.c                     0x00000000   Number         0  usart.o ABSOLUTE
    USER\\main.c                             0x00000000   Number         0  main.o ABSOLUTE
    USER\\stm32f4xx_it.c                     0x00000000   Number         0  stm32f4xx_it.o ABSOLUTE
    USER\\system_stm32f4xx.c                 0x00000000   Number         0  system_stm32f4xx.o ABSOLUTE
    USER\main.c                              0x00000000   Number         0  main.o ABSOLUTE
    USER\stm32f4xx_it.c                      0x00000000   Number         0  stm32f4xx_it.o ABSOLUTE
    USER\system_stm32f4xx.c                  0x00000000   Number         0  system_stm32f4xx.o ABSOLUTE
    dc.s                                     0x00000000   Number         0  dc.o ABSOLUTE
    RESET                                    0x08000000   Section      392  startup_stm32f40_41xxx.o(RESET)
    !!!main                                  0x08000188   Section        8  __main.o(!!!main)
    !!!scatter                               0x08000190   Section       52  __scatter.o(!!!scatter)
    !!dczerorl2                              0x080001c4   Section       90  __dczerorl2.o(!!dczerorl2)
    !!handler_zi                             0x08000220   Section       28  __scatter_zi.o(!!handler_zi)
    .ARM.Collect$$libinit$$00000000          0x0800023c   Section        2  libinit.o(.ARM.Collect$$libinit$$00000000)
    .ARM.Collect$$libinit$$00000001          0x0800023e   Section        4  libinit2.o(.ARM.Collect$$libinit$$00000001)
    .ARM.Collect$$libinit$$00000004          0x08000242   Section        0  libinit2.o(.ARM.Collect$$libinit$$00000004)
    .ARM.Collect$$libinit$$0000000A          0x08000242   Section        0  libinit2.o(.ARM.Collect$$libinit$$0000000A)
    .ARM.Collect$$libinit$$0000000C          0x08000242   Section        0  libinit2.o(.ARM.Collect$$libinit$$0000000C)
    .ARM.Collect$$libinit$$0000000E          0x08000242   Section        0  libinit2.o(.ARM.Collect$$libinit$$0000000E)
    .ARM.Collect$$libinit$$00000011          0x08000242   Section        0  libinit2.o(.ARM.Collect$$libinit$$00000011)
    .ARM.Collect$$libinit$$00000013          0x08000242   Section        0  libinit2.o(.ARM.Collect$$libinit$$00000013)
    .ARM.Collect$$libinit$$00000015          0x08000242   Section        0  libinit2.o(.ARM.Collect$$libinit$$00000015)
    .ARM.Collect$$libinit$$00000017          0x08000242   Section        0  libinit2.o(.ARM.Collect$$libinit$$00000017)
    .ARM.Collect$$libinit$$00000019          0x08000242   Section        0  libinit2.o(.ARM.Collect$$libinit$$00000019)
    .ARM.Collect$$libinit$$0000001B          0x08000242   Section        0  libinit2.o(.ARM.Collect$$libinit$$0000001B)
    .ARM.Collect$$libinit$$0000001D          0x08000242   Section        0  libinit2.o(.ARM.Collect$$libinit$$0000001D)
    .ARM.Collect$$libinit$$0000001F          0x08000242   Section        0  libinit2.o(.ARM.Collect$$libinit$$0000001F)
    .ARM.Collect$$libinit$$00000021          0x08000242   Section        0  libinit2.o(.ARM.Collect$$libinit$$00000021)
    .ARM.Collect$$libinit$$00000023          0x08000242   Section        0  libinit2.o(.ARM.Collect$$libinit$$00000023)
    .ARM.Collect$$libinit$$00000025          0x08000242   Section        0  libinit2.o(.ARM.Collect$$libinit$$00000025)
    .ARM.Collect$$libinit$$0000002C          0x08000242   Section        0  libinit2.o(.ARM.Collect$$libinit$$0000002C)
    .ARM.Collect$$libinit$$0000002E          0x08000242   Section        0  libinit2.o(.ARM.Collect$$libinit$$0000002E)
    .ARM.Collect$$libinit$$00000030          0x08000242   Section        0  libinit2.o(.ARM.Collect$$libinit$$00000030)
    .ARM.Collect$$libinit$$00000032          0x08000242   Section        0  libinit2.o(.ARM.Collect$$libinit$$00000032)
    .ARM.Collect$$libinit$$00000033          0x08000242   Section        2  libinit2.o(.ARM.Collect$$libinit$$00000033)
    .ARM.Collect$$libshutdown$$00000000      0x08000244   Section        2  libshutdown.o(.ARM.Collect$$libshutdown$$00000000)
    .ARM.Collect$$libshutdown$$00000003      0x08000246   Section        0  libshutdown2.o(.ARM.Collect$$libshutdown$$00000003)
    .ARM.Collect$$libshutdown$$00000006      0x08000246   Section        0  libshutdown2.o(.ARM.Collect$$libshutdown$$00000006)
    .ARM.Collect$$libshutdown$$00000009      0x08000246   Section        0  libshutdown2.o(.ARM.Collect$$libshutdown$$00000009)
    .ARM.Collect$$libshutdown$$0000000B      0x08000246   Section        0  libshutdown2.o(.ARM.Collect$$libshutdown$$0000000B)
    .ARM.Collect$$libshutdown$$0000000E      0x08000246   Section        0  libshutdown2.o(.ARM.Collect$$libshutdown$$0000000E)
    .ARM.Collect$$libshutdown$$0000000F      0x08000246   Section        2  libshutdown2.o(.ARM.Collect$$libshutdown$$0000000F)
    .ARM.Collect$$rtentry$$00000000          0x08000248   Section        0  __rtentry.o(.ARM.Collect$$rtentry$$00000000)
    .ARM.Collect$$rtentry$$00000002          0x08000248   Section        0  __rtentry2.o(.ARM.Collect$$rtentry$$00000002)
    .ARM.Collect$$rtentry$$00000004          0x08000248   Section        6  __rtentry4.o(.ARM.Collect$$rtentry$$00000004)
    .ARM.Collect$$rtentry$$00000009          0x0800024e   Section        0  __rtentry2.o(.ARM.Collect$$rtentry$$00000009)
    .ARM.Collect$$rtentry$$0000000A          0x0800024e   Section        4  __rtentry2.o(.ARM.Collect$$rtentry$$0000000A)
    .ARM.Collect$$rtentry$$0000000C          0x08000252   Section        0  __rtentry2.o(.ARM.Collect$$rtentry$$0000000C)
    .ARM.Collect$$rtentry$$0000000D          0x08000252   Section        8  __rtentry2.o(.ARM.Collect$$rtentry$$0000000D)
    .ARM.Collect$$rtexit$$00000000           0x0800025a   Section        2  rtexit.o(.ARM.Collect$$rtexit$$00000000)
    .ARM.Collect$$rtexit$$00000002           0x0800025c   Section        0  rtexit2.o(.ARM.Collect$$rtexit$$00000002)
    .ARM.Collect$$rtexit$$00000003           0x0800025c   Section        4  rtexit2.o(.ARM.Collect$$rtexit$$00000003)
    .ARM.Collect$$rtexit$$00000004           0x08000260   Section        6  rtexit2.o(.ARM.Collect$$rtexit$$00000004)
    .text                                    0x08000268   Section       64  startup_stm32f40_41xxx.o(.text)
    $v0                                      0x08000268   Number         0  startup_stm32f40_41xxx.o(.text)
    .text                                    0x080002a8   Section        2  use_no_semi_2.o(.text)
    .text                                    0x080002aa   Section        0  heapauxi.o(.text)
    .text                                    0x080002b0   Section        2  use_no_semi.o(.text)
    .text                                    0x080002b2   Section       74  sys_stackheap_outer.o(.text)
    .text                                    0x080002fc   Section        0  exit.o(.text)
    .text                                    0x08000308   Section        8  libspace.o(.text)
    i.ADC_Cmd                                0x08000310   Section        0  stm32f4xx_adc.o(i.ADC_Cmd)
    i.ADC_CommonInit                         0x08000328   Section        0  stm32f4xx_adc.o(i.ADC_CommonInit)
    i.ADC_GetConversionValue                 0x08000358   Section        0  stm32f4xx_adc.o(i.ADC_GetConversionValue)
    i.ADC_GetFlagStatus                      0x08000360   Section        0  stm32f4xx_adc.o(i.ADC_GetFlagStatus)
    i.ADC_Init                               0x08000374   Section        0  stm32f4xx_adc.o(i.ADC_Init)
    i.ADC_RegularChannelConfig               0x080003c8   Section        0  stm32f4xx_adc.o(i.ADC_RegularChannelConfig)
    i.ADC_SoftwareStartConv                  0x08000480   Section        0  stm32f4xx_adc.o(i.ADC_SoftwareStartConv)
    i.Adc_Init                               0x0800048c   Section        0  adc.o(i.Adc_Init)
    i.Ascend_Island                          0x08000554   Section        0  control.o(i.Ascend_Island)
    i.BusFault_Handler                       0x08000600   Section        0  stm32f4xx_it.o(i.BusFault_Handler)
    i.CAN1_Init                              0x08000604   Section        0  can.o(i.CAN1_Init)
    i.CAN1_RX0_IRQHandler                    0x08000714   Section        0  can.o(i.CAN1_RX0_IRQHandler)
    i.CAN1_TX_IRQHandler                     0x08000750   Section        0  can.o(i.CAN1_TX_IRQHandler)
    i.CAN_ClearFlag                          0x0800076c   Section        0  stm32f4xx_can.o(i.CAN_ClearFlag)
    i.CAN_ClearITPendingBit                  0x080007a4   Section        0  stm32f4xx_can.o(i.CAN_ClearITPendingBit)
    i.CAN_FilterInit                         0x0800084c   Section        0  stm32f4xx_can.o(i.CAN_FilterInit)
    i.CAN_GetITStatus                        0x08000954   Section        0  stm32f4xx_can.o(i.CAN_GetITStatus)
    i.CAN_ITConfig                           0x08000a74   Section        0  stm32f4xx_can.o(i.CAN_ITConfig)
    i.CAN_Init                               0x08000a86   Section        0  stm32f4xx_can.o(i.CAN_Init)
    i.CAN_Receive                            0x08000b9a   Section        0  stm32f4xx_can.o(i.CAN_Receive)
    i.CAN_Transmit                           0x08000c8a   Section        0  stm32f4xx_can.o(i.CAN_Transmit)
    i.CheckITStatus                          0x08000db0   Section        0  stm32f4xx_can.o(i.CheckITStatus)
    CheckITStatus                            0x08000db1   Thumb Code    18  stm32f4xx_can.o(i.CheckITStatus)
    i.Control_Task                           0x08000dc4   Section        0  control.o(i.Control_Task)
    i.DebugMon_Handler                       0x08000e38   Section        0  stm32f4xx_it.o(i.DebugMon_Handler)
    i.GPIO_Init                              0x08000e3a   Section        0  stm32f4xx_gpio.o(i.GPIO_Init)
    i.GPIO_PinAFConfig                       0x08000eca   Section        0  stm32f4xx_gpio.o(i.GPIO_PinAFConfig)
    i.GPIO_ReadInputDataBit                  0x08000f10   Section        0  stm32f4xx_gpio.o(i.GPIO_ReadInputDataBit)
    i.GPIO_SetBits                           0x08000f22   Section        0  stm32f4xx_gpio.o(i.GPIO_SetBits)
    i.GetWorkState                           0x08000f28   Section        0  control.o(i.GetWorkState)
    i.Get_Adc                                0x08000f34   Section        0  adc.o(i.Get_Adc)
    i.Get_Enemy                              0x08000f64   Section        0  date_deal.o(i.Get_Enemy)
    i.HardFault_Handler                      0x080010e0   Section        0  stm32f4xx_it.o(i.HardFault_Handler)
    i.In_Island                              0x080010e4   Section        0  control.o(i.In_Island)
    i.Infrare_Convert                        0x08001414   Section        0  date_deal.o(i.Infrare_Convert)
    i.InfraredSensor_Scanf                   0x080015e0   Section        0  base_deal.o(i.InfraredSensor_Scanf)
    i.Island_Check                           0x080016e4   Section        0  control.o(i.Island_Check)
    i.Island_Position                        0x08001704   Section        0  control.o(i.Island_Position)
    i.KEY_Init                               0x08001768   Section        0  key.o(i.KEY_Init)
    i.LED_Init                               0x08001800   Section        0  led.o(i.LED_Init)
    i.MemManage_Handler                      0x0800183c   Section        0  stm32f4xx_it.o(i.MemManage_Handler)
    i.Motor_Data_Receive                     0x08001840   Section        0  can.o(i.Motor_Data_Receive)
    i.MyAbs                                  0x080018d8   Section        0  pid.o(i.MyAbs)
    i.NMI_Handler                            0x080018f2   Section        0  stm32f4xx_it.o(i.NMI_Handler)
    i.NVIC_Init                              0x080018f4   Section        0  misc.o(i.NVIC_Init)
    i.NVIC_PriorityGroupConfig               0x0800196c   Section        0  misc.o(i.NVIC_PriorityGroupConfig)
    i.PID_Init                               0x08001980   Section        0  pid.o(i.PID_Init)
    i.PID_Speed_Calc                         0x080019d8   Section        0  pid.o(i.PID_Speed_Calc)
    i.PendSV_Handler                         0x08001ce8   Section        0  stm32f4xx_it.o(i.PendSV_Handler)
    i.Position_Data_deal                     0x08001cea   Section        0  can.o(i.Position_Data_deal)
    i.Position_To_Turns                      0x08001d04   Section        0  can.o(i.Position_To_Turns)
    i.RCC_AHB1PeriphClockCmd                 0x08001d40   Section        0  stm32f4xx_rcc.o(i.RCC_AHB1PeriphClockCmd)
    i.RCC_APB1PeriphClockCmd                 0x08001d60   Section        0  stm32f4xx_rcc.o(i.RCC_APB1PeriphClockCmd)
    i.RCC_APB2PeriphClockCmd                 0x08001d80   Section        0  stm32f4xx_rcc.o(i.RCC_APB2PeriphClockCmd)
    i.RCC_APB2PeriphResetCmd                 0x08001da0   Section        0  stm32f4xx_rcc.o(i.RCC_APB2PeriphResetCmd)
    i.Remove_Task                            0x08001dc0   Section        0  control.o(i.Remove_Task)
    i.SVC_Handler                            0x08001e64   Section        0  stm32f4xx_it.o(i.SVC_Handler)
    i.Servo_PWM_Init                         0x08001e66   Section        0  base_deal.o(i.Servo_PWM_Init)
    i.SetSysClock                            0x08001e7c   Section        0  system_stm32f4xx.o(i.SetSysClock)
    SetSysClock                              0x08001e7d   Thumb Code   220  system_stm32f4xx.o(i.SetSysClock)
    i.SetWorkState                           0x08001f68   Section        0  control.o(i.SetWorkState)
    i.Set_CM_Speed                           0x08001f74   Section        0  can.o(i.Set_CM_Speed)
    i.Speed_Data_deal                        0x08001fd8   Section        0  can.o(i.Speed_Data_deal)
    i.Start                                  0x08001fe8   Section        0  control.o(i.Start)
    i.Steer_Set                              0x08002014   Section        0  base_deal.o(i.Steer_Set)
    i.SysTick_CLKSourceConfig                0x0800202c   Section        0  misc.o(i.SysTick_CLKSourceConfig)
    i.SysTick_Handler                        0x08002054   Section        0  stm32f4xx_it.o(i.SysTick_Handler)
    i.SystemInit                             0x08002058   Section        0  system_stm32f4xx.o(i.SystemInit)
    i.TIM3_IRQHandler                        0x080020c0   Section        0  timer.o(i.TIM3_IRQHandler)
    i.TIM3_Int_Init                          0x080020f0   Section        0  timer.o(i.TIM3_Int_Init)
    i.TIM4_PWM_Init                          0x0800214c   Section        0  pwm.o(i.TIM4_PWM_Init)
    i.TIM5_IRQHandler                        0x080021f4   Section        0  timer.o(i.TIM5_IRQHandler)
    i.TIM_ARRPreloadConfig                   0x080022c4   Section        0  stm32f4xx_tim.o(i.TIM_ARRPreloadConfig)
    i.TIM_ClearITPendingBit                  0x080022dc   Section        0  stm32f4xx_tim.o(i.TIM_ClearITPendingBit)
    i.TIM_Cmd                                0x080022e2   Section        0  stm32f4xx_tim.o(i.TIM_Cmd)
    i.TIM_GetCapture2                        0x080022fa   Section        0  stm32f4xx_tim.o(i.TIM_GetCapture2)
    i.TIM_GetITStatus                        0x08002300   Section        0  stm32f4xx_tim.o(i.TIM_GetITStatus)
    i.TIM_ITConfig                           0x08002322   Section        0  stm32f4xx_tim.o(i.TIM_ITConfig)
    i.TIM_OC1Init                            0x08002334   Section        0  stm32f4xx_tim.o(i.TIM_OC1Init)
    i.TIM_OC1PreloadConfig                   0x080023b0   Section        0  stm32f4xx_tim.o(i.TIM_OC1PreloadConfig)
    i.TIM_OC2PolarityConfig                  0x080023c2   Section        0  stm32f4xx_tim.o(i.TIM_OC2PolarityConfig)
    i.TIM_SetCompare1                        0x080023dc   Section        0  stm32f4xx_tim.o(i.TIM_SetCompare1)
    i.TIM_SetCounter                         0x080023e0   Section        0  stm32f4xx_tim.o(i.TIM_SetCounter)
    i.TIM_TimeBaseInit                       0x080023e4   Section        0  stm32f4xx_tim.o(i.TIM_TimeBaseInit)
    i.USART1_IRQHandler                      0x08002468   Section        0  usart.o(i.USART1_IRQHandler)
    i.USART_GetITStatus                      0x08002504   Section        0  stm32f4xx_usart.o(i.USART_GetITStatus)
    i.USART_ReceiveData                      0x08002558   Section        0  stm32f4xx_usart.o(i.USART_ReceiveData)
    i.UsageFault_Handler                     0x08002562   Section        0  stm32f4xx_it.o(i.UsageFault_Handler)
    i._sys_exit                              0x08002566   Section        0  usart.o(i._sys_exit)
    i.delay_init                             0x0800256c   Section        0  delay.o(i.delay_init)
    i.main                                   0x080025a8   Section        0  main.o(i.main)
    x$fpl$basic                              0x0800267c   Section       24  basic.o(x$fpl$basic)
    $v0                                      0x0800267c   Number         0  basic.o(x$fpl$basic)
    x$fpl$d2f                                0x08002694   Section       98  d2f.o(x$fpl$d2f)
    $v0                                      0x08002694   Number         0  d2f.o(x$fpl$d2f)
    x$fpl$dadd                               0x080026f8   Section      336  daddsub_clz.o(x$fpl$dadd)
    $v0                                      0x080026f8   Number         0  daddsub_clz.o(x$fpl$dadd)
    _dadd1                                   0x08002709   Thumb Code     0  daddsub_clz.o(x$fpl$dadd)
    x$fpl$dcmpinf                            0x08002848   Section       24  dcmpi.o(x$fpl$dcmpinf)
    $v0                                      0x08002848   Number         0  dcmpi.o(x$fpl$dcmpinf)
    x$fpl$dfix                               0x08002860   Section       94  dfix.o(x$fpl$dfix)
    $v0                                      0x08002860   Number         0  dfix.o(x$fpl$dfix)
    x$fpl$dflt                               0x080028be   Section       46  dflt_clz.o(x$fpl$dflt)
    $v0                                      0x080028be   Number         0  dflt_clz.o(x$fpl$dflt)
    x$fpl$dleqf                              0x080028ec   Section      120  dleqf.o(x$fpl$dleqf)
    $v0                                      0x080028ec   Number         0  dleqf.o(x$fpl$dleqf)
    x$fpl$dmul                               0x08002964   Section      340  dmul.o(x$fpl$dmul)
    $v0                                      0x08002964   Number         0  dmul.o(x$fpl$dmul)
    x$fpl$dnaninf                            0x08002ab8   Section      156  dnaninf.o(x$fpl$dnaninf)
    $v0                                      0x08002ab8   Number         0  dnaninf.o(x$fpl$dnaninf)
    x$fpl$dretinf                            0x08002b54   Section       12  dretinf.o(x$fpl$dretinf)
    $v0                                      0x08002b54   Number         0  dretinf.o(x$fpl$dretinf)
    x$fpl$drleqf                             0x08002b60   Section      108  drleqf.o(x$fpl$drleqf)
    $v0                                      0x08002b60   Number         0  drleqf.o(x$fpl$drleqf)
    x$fpl$dsub                               0x08002bcc   Section      468  daddsub_clz.o(x$fpl$dsub)
    $v0                                      0x08002bcc   Number         0  daddsub_clz.o(x$fpl$dsub)
    _dsub1                                   0x08002bdd   Thumb Code     0  daddsub_clz.o(x$fpl$dsub)
    x$fpl$f2d                                0x08002da0   Section       86  f2d.o(x$fpl$f2d)
    $v0                                      0x08002da0   Number         0  f2d.o(x$fpl$f2d)
    x$fpl$fnaninf                            0x08002df6   Section      140  fnaninf.o(x$fpl$fnaninf)
    $v0                                      0x08002df6   Number         0  fnaninf.o(x$fpl$fnaninf)
    x$fpl$fpinit                             0x08002e82   Section       10  fpinit.o(x$fpl$fpinit)
    $v0                                      0x08002e82   Number         0  fpinit.o(x$fpl$fpinit)
    x$fpl$fretinf                            0x08002e8c   Section       10  fretinf.o(x$fpl$fretinf)
    $v0                                      0x08002e8c   Number         0  fretinf.o(x$fpl$fretinf)
    x$fpl$usenofp                            0x08002e96   Section        0  usenofp.o(x$fpl$usenofp)
    .data                                    0x20000000   Section       12  timer.o(.data)
    .data                                    0x2000000c   Section        4  base_deal.o(.data)
    .data                                    0x20000010   Section       30  control.o(.data)
    .data                                    0x2000002e   Section      376  date_deal.o(.data)
    .data                                    0x200001a6   Section        4  delay.o(.data)
    fac_us                                   0x200001a6   Data           1  delay.o(.data)
    fac_ms                                   0x200001a8   Data           2  delay.o(.data)
    .data                                    0x200001ac   Section        7  usart.o(.data)
    .bss                                     0x200001b4   Section      228  can.o(.bss)
    .bss                                     0x20000298   Section      126  base_deal.o(.bss)
    .bss                                     0x20000318   Section      240  pid.o(.bss)
    .bss                                     0x20000408   Section       52  date_deal.o(.bss)
    .bss                                     0x2000043c   Section      200  usart.o(.bss)
    .bss                                     0x20000504   Section       96  libspace.o(.bss)
    HEAP                                     0x20000568   Section      512  startup_stm32f40_41xxx.o(HEAP)
    Heap_Mem                                 0x20000568   Data         512  startup_stm32f40_41xxx.o(HEAP)
    STACK                                    0x20000768   Section     1024  startup_stm32f40_41xxx.o(STACK)
    Stack_Mem                                0x20000768   Data        1024  startup_stm32f40_41xxx.o(STACK)
    __initial_sp                             0x20000b68   Data           0  startup_stm32f40_41xxx.o(STACK)

    Global Symbols

    Symbol Name                              Value     Ov Type        Size  Object(Section)

    BuildAttributes$$THM_ISAv4$E$P$D$K$B$S$7EM$VFPi3$EXTD16$VFPS$VFMA$PE$A:L22UL41UL21$X:L11$S22US41US21$IEEE1$IW$USESV6$~STKCKD$USESV7$~SHL$OSPACE$ROPI$EBA8$UX$STANDARDLIB$REQ8$PRES8$EABIv2 0x00000000   Number         0  anon$$obj.o ABSOLUTE
    __ARM_use_no_argv                        0x00000000   Number         0  main.o ABSOLUTE
    __ARM_exceptions_init                     - Undefined Weak Reference
    __alloca_initialize                       - Undefined Weak Reference
    __arm_preinit_                            - Undefined Weak Reference
    __cpp_initialize__aeabi_                  - Undefined Weak Reference
    __cxa_finalize                            - Undefined Weak Reference
    __rt_locale                               - Undefined Weak Reference
    __sigvec_lookup                           - Undefined Weak Reference
    _atexit_init                              - Undefined Weak Reference
    _call_atexit_fns                          - Undefined Weak Reference
    _clock_init                               - Undefined Weak Reference
    _fp_trap_init                             - Undefined Weak Reference
    _fp_trap_shutdown                         - Undefined Weak Reference
    _get_lc_collate                           - Undefined Weak Reference
    _get_lc_ctype                             - Undefined Weak Reference
    _get_lc_monetary                          - Undefined Weak Reference
    _get_lc_numeric                           - Undefined Weak Reference
    _get_lc_time                              - Undefined Weak Reference
    _getenv_init                              - Undefined Weak Reference
    _handle_redirection                       - Undefined Weak Reference
    _init_alloc                               - Undefined Weak Reference
    _init_user_alloc                          - Undefined Weak Reference
    _initio                                   - Undefined Weak Reference
    _rand_init                                - Undefined Weak Reference
    _signal_finish                            - Undefined Weak Reference
    _signal_init                              - Undefined Weak Reference
    _terminate_alloc                          - Undefined Weak Reference
    _terminate_user_alloc                     - Undefined Weak Reference
    _terminateio                              - Undefined Weak Reference
    __Vectors_Size                           0x00000188   Number         0  startup_stm32f40_41xxx.o ABSOLUTE
    __Vectors                                0x08000000   Data           4  startup_stm32f40_41xxx.o(RESET)
    __Vectors_End                            0x08000188   Data           0  startup_stm32f40_41xxx.o(RESET)
    __main                                   0x08000189   Thumb Code     8  __main.o(!!!main)
    __scatterload                            0x08000191   Thumb Code     0  __scatter.o(!!!scatter)
    __scatterload_rt2                        0x08000191   Thumb Code    44  __scatter.o(!!!scatter)
    __scatterload_rt2_thumb_only             0x08000191   Thumb Code     0  __scatter.o(!!!scatter)
    __scatterload_null                       0x0800019f   Thumb Code     0  __scatter.o(!!!scatter)
    __decompress                             0x080001c5   Thumb Code    90  __dczerorl2.o(!!dczerorl2)
    __decompress1                            0x080001c5   Thumb Code     0  __dczerorl2.o(!!dczerorl2)
    __scatterload_zeroinit                   0x08000221   Thumb Code    28  __scatter_zi.o(!!handler_zi)
    __rt_lib_init                            0x0800023d   Thumb Code     0  libinit.o(.ARM.Collect$$libinit$$00000000)
    __rt_lib_init_fp_1                       0x0800023f   Thumb Code     0  libinit2.o(.ARM.Collect$$libinit$$00000001)
    __rt_lib_init_alloca_1                   0x08000243   Thumb Code     0  libinit2.o(.ARM.Collect$$libinit$$0000002E)
    __rt_lib_init_argv_1                     0x08000243   Thumb Code     0  libinit2.o(.ARM.Collect$$libinit$$0000002C)
    __rt_lib_init_atexit_1                   0x08000243   Thumb Code     0  libinit2.o(.ARM.Collect$$libinit$$0000001B)
    __rt_lib_init_clock_1                    0x08000243   Thumb Code     0  libinit2.o(.ARM.Collect$$libinit$$00000021)
    __rt_lib_init_cpp_1                      0x08000243   Thumb Code     0  libinit2.o(.ARM.Collect$$libinit$$00000032)
    __rt_lib_init_exceptions_1               0x08000243   Thumb Code     0  libinit2.o(.ARM.Collect$$libinit$$00000030)
    __rt_lib_init_fp_trap_1                  0x08000243   Thumb Code     0  libinit2.o(.ARM.Collect$$libinit$$0000001F)
    __rt_lib_init_getenv_1                   0x08000243   Thumb Code     0  libinit2.o(.ARM.Collect$$libinit$$00000023)
    __rt_lib_init_heap_1                     0x08000243   Thumb Code     0  libinit2.o(.ARM.Collect$$libinit$$0000000A)
    __rt_lib_init_lc_collate_1               0x08000243   Thumb Code     0  libinit2.o(.ARM.Collect$$libinit$$00000011)
    __rt_lib_init_lc_ctype_1                 0x08000243   Thumb Code     0  libinit2.o(.ARM.Collect$$libinit$$00000013)
    __rt_lib_init_lc_monetary_1              0x08000243   Thumb Code     0  libinit2.o(.ARM.Collect$$libinit$$00000015)
    __rt_lib_init_lc_numeric_1               0x08000243   Thumb Code     0  libinit2.o(.ARM.Collect$$libinit$$00000017)
    __rt_lib_init_lc_time_1                  0x08000243   Thumb Code     0  libinit2.o(.ARM.Collect$$libinit$$00000019)
    __rt_lib_init_preinit_1                  0x08000243   Thumb Code     0  libinit2.o(.ARM.Collect$$libinit$$00000004)
    __rt_lib_init_rand_1                     0x08000243   Thumb Code     0  libinit2.o(.ARM.Collect$$libinit$$0000000E)
    __rt_lib_init_return                     0x08000243   Thumb Code     0  libinit2.o(.ARM.Collect$$libinit$$00000033)
    __rt_lib_init_signal_1                   0x08000243   Thumb Code     0  libinit2.o(.ARM.Collect$$libinit$$0000001D)
    __rt_lib_init_stdio_1                    0x08000243   Thumb Code     0  libinit2.o(.ARM.Collect$$libinit$$00000025)
    __rt_lib_init_user_alloc_1               0x08000243   Thumb Code     0  libinit2.o(.ARM.Collect$$libinit$$0000000C)
    __rt_lib_shutdown                        0x08000245   Thumb Code     0  libshutdown.o(.ARM.Collect$$libshutdown$$00000000)
    __rt_lib_shutdown_fp_trap_1              0x08000247   Thumb Code     0  libshutdown2.o(.ARM.Collect$$libshutdown$$00000006)
    __rt_lib_shutdown_heap_1                 0x08000247   Thumb Code     0  libshutdown2.o(.ARM.Collect$$libshutdown$$0000000E)
    __rt_lib_shutdown_return                 0x08000247   Thumb Code     0  libshutdown2.o(.ARM.Collect$$libshutdown$$0000000F)
    __rt_lib_shutdown_signal_1               0x08000247   Thumb Code     0  libshutdown2.o(.ARM.Collect$$libshutdown$$00000009)
    __rt_lib_shutdown_stdio_1                0x08000247   Thumb Code     0  libshutdown2.o(.ARM.Collect$$libshutdown$$00000003)
    __rt_lib_shutdown_user_alloc_1           0x08000247   Thumb Code     0  libshutdown2.o(.ARM.Collect$$libshutdown$$0000000B)
    __rt_entry                               0x08000249   Thumb Code     0  __rtentry.o(.ARM.Collect$$rtentry$$00000000)
    __rt_entry_presh_1                       0x08000249   Thumb Code     0  __rtentry2.o(.ARM.Collect$$rtentry$$00000002)
    __rt_entry_sh                            0x08000249   Thumb Code     0  __rtentry4.o(.ARM.Collect$$rtentry$$00000004)
    __rt_entry_li                            0x0800024f   Thumb Code     0  __rtentry2.o(.ARM.Collect$$rtentry$$0000000A)
    __rt_entry_postsh_1                      0x0800024f   Thumb Code     0  __rtentry2.o(.ARM.Collect$$rtentry$$00000009)
    __rt_entry_main                          0x08000253   Thumb Code     0  __rtentry2.o(.ARM.Collect$$rtentry$$0000000D)
    __rt_entry_postli_1                      0x08000253   Thumb Code     0  __rtentry2.o(.ARM.Collect$$rtentry$$0000000C)
    __rt_exit                                0x0800025b   Thumb Code     0  rtexit.o(.ARM.Collect$$rtexit$$00000000)
    __rt_exit_ls                             0x0800025d   Thumb Code     0  rtexit2.o(.ARM.Collect$$rtexit$$00000003)
    __rt_exit_prels_1                        0x0800025d   Thumb Code     0  rtexit2.o(.ARM.Collect$$rtexit$$00000002)
    __rt_exit_exit                           0x08000261   Thumb Code     0  rtexit2.o(.ARM.Collect$$rtexit$$00000004)
    Reset_Handler                            0x08000269   Thumb Code     8  startup_stm32f40_41xxx.o(.text)
    ADC_IRQHandler                           0x08000283   Thumb Code     0  startup_stm32f40_41xxx.o(.text)
    CAN1_RX1_IRQHandler                      0x08000283   Thumb Code     0  startup_stm32f40_41xxx.o(.text)
    CAN1_SCE_IRQHandler                      0x08000283   Thumb Code     0  startup_stm32f40_41xxx.o(.text)
    CAN2_RX0_IRQHandler                      0x08000283   Thumb Code     0  startup_stm32f40_41xxx.o(.text)
    CAN2_RX1_IRQHandler                      0x08000283   Thumb Code     0  startup_stm32f40_41xxx.o(.text)
    CAN2_SCE_IRQHandler                      0x08000283   Thumb Code     0  startup_stm32f40_41xxx.o(.text)
    CAN2_TX_IRQHandler                       0x08000283   Thumb Code     0  startup_stm32f40_41xxx.o(.text)
    CRYP_IRQHandler                          0x08000283   Thumb Code     0  startup_stm32f40_41xxx.o(.text)
    DCMI_IRQHandler                          0x08000283   Thumb Code     0  startup_stm32f40_41xxx.o(.text)
    DMA1_Stream0_IRQHandler                  0x08000283   Thumb Code     0  startup_stm32f40_41xxx.o(.text)
    DMA1_Stream1_IRQHandler                  0x08000283   Thumb Code     0  startup_stm32f40_41xxx.o(.text)
    DMA1_Stream2_IRQHandler                  0x08000283   Thumb Code     0  startup_stm32f40_41xxx.o(.text)
    DMA1_Stream3_IRQHandler                  0x08000283   Thumb Code     0  startup_stm32f40_41xxx.o(.text)
    DMA1_Stream4_IRQHandler                  0x08000283   Thumb Code     0  startup_stm32f40_41xxx.o(.text)
    DMA1_Stream5_IRQHandler                  0x08000283   Thumb Code     0  startup_stm32f40_41xxx.o(.text)
    DMA1_Stream6_IRQHandler                  0x08000283   Thumb Code     0  startup_stm32f40_41xxx.o(.text)
    DMA1_Stream7_IRQHandler                  0x08000283   Thumb Code     0  startup_stm32f40_41xxx.o(.text)
    DMA2_Stream0_IRQHandler                  0x08000283   Thumb Code     0  startup_stm32f40_41xxx.o(.text)
    DMA2_Stream1_IRQHandler                  0x08000283   Thumb Code     0  startup_stm32f40_41xxx.o(.text)
    DMA2_Stream2_IRQHandler                  0x08000283   Thumb Code     0  startup_stm32f40_41xxx.o(.text)
    DMA2_Stream3_IRQHandler                  0x08000283   Thumb Code     0  startup_stm32f40_41xxx.o(.text)
    DMA2_Stream4_IRQHandler                  0x08000283   Thumb Code     0  startup_stm32f40_41xxx.o(.text)
    DMA2_Stream5_IRQHandler                  0x08000283   Thumb Code     0  startup_stm32f40_41xxx.o(.text)
    DMA2_Stream6_IRQHandler                  0x08000283   Thumb Code     0  startup_stm32f40_41xxx.o(.text)
    DMA2_Stream7_IRQHandler                  0x08000283   Thumb Code     0  startup_stm32f40_41xxx.o(.text)
    ETH_IRQHandler                           0x08000283   Thumb Code     0  startup_stm32f40_41xxx.o(.text)
    ETH_WKUP_IRQHandler                      0x08000283   Thumb Code     0  startup_stm32f40_41xxx.o(.text)
    EXTI0_IRQHandler                         0x08000283   Thumb Code     0  startup_stm32f40_41xxx.o(.text)
    EXTI15_10_IRQHandler                     0x08000283   Thumb Code     0  startup_stm32f40_41xxx.o(.text)
    EXTI1_IRQHandler                         0x08000283   Thumb Code     0  startup_stm32f40_41xxx.o(.text)
    EXTI2_IRQHandler                         0x08000283   Thumb Code     0  startup_stm32f40_41xxx.o(.text)
    EXTI3_IRQHandler                         0x08000283   Thumb Code     0  startup_stm32f40_41xxx.o(.text)
    EXTI4_IRQHandler                         0x08000283   Thumb Code     0  startup_stm32f40_41xxx.o(.text)
    EXTI9_5_IRQHandler                       0x08000283   Thumb Code     0  startup_stm32f40_41xxx.o(.text)
    FLASH_IRQHandler                         0x08000283   Thumb Code     0  startup_stm32f40_41xxx.o(.text)
    FPU_IRQHandler                           0x08000283   Thumb Code     0  startup_stm32f40_41xxx.o(.text)
    FSMC_IRQHandler                          0x08000283   Thumb Code     0  startup_stm32f40_41xxx.o(.text)
    HASH_RNG_IRQHandler                      0x08000283   Thumb Code     0  startup_stm32f40_41xxx.o(.text)
    I2C1_ER_IRQHandler                       0x08000283   Thumb Code     0  startup_stm32f40_41xxx.o(.text)
    I2C1_EV_IRQHandler                       0x08000283   Thumb Code     0  startup_stm32f40_41xxx.o(.text)
    I2C2_ER_IRQHandler                       0x08000283   Thumb Code     0  startup_stm32f40_41xxx.o(.text)
    I2C2_EV_IRQHandler                       0x08000283   Thumb Code     0  startup_stm32f40_41xxx.o(.text)
    I2C3_ER_IRQHandler                       0x08000283   Thumb Code     0  startup_stm32f40_41xxx.o(.text)
    I2C3_EV_IRQHandler                       0x08000283   Thumb Code     0  startup_stm32f40_41xxx.o(.text)
    OTG_FS_IRQHandler                        0x08000283   Thumb Code     0  startup_stm32f40_41xxx.o(.text)
    OTG_FS_WKUP_IRQHandler                   0x08000283   Thumb Code     0  startup_stm32f40_41xxx.o(.text)
    OTG_HS_EP1_IN_IRQHandler                 0x08000283   Thumb Code     0  startup_stm32f40_41xxx.o(.text)
    OTG_HS_EP1_OUT_IRQHandler                0x08000283   Thumb Code     0  startup_stm32f40_41xxx.o(.text)
    OTG_HS_IRQHandler                        0x08000283   Thumb Code     0  startup_stm32f40_41xxx.o(.text)
    OTG_HS_WKUP_IRQHandler                   0x08000283   Thumb Code     0  startup_stm32f40_41xxx.o(.text)
    PVD_IRQHandler                           0x08000283   Thumb Code     0  startup_stm32f40_41xxx.o(.text)
    RCC_IRQHandler                           0x08000283   Thumb Code     0  startup_stm32f40_41xxx.o(.text)
    RTC_Alarm_IRQHandler                     0x08000283   Thumb Code     0  startup_stm32f40_41xxx.o(.text)
    RTC_WKUP_IRQHandler                      0x08000283   Thumb Code     0  startup_stm32f40_41xxx.o(.text)
    SDIO_IRQHandler                          0x08000283   Thumb Code     0  startup_stm32f40_41xxx.o(.text)
    SPI1_IRQHandler                          0x08000283   Thumb Code     0  startup_stm32f40_41xxx.o(.text)
    SPI2_IRQHandler                          0x08000283   Thumb Code     0  startup_stm32f40_41xxx.o(.text)
    SPI3_IRQHandler                          0x08000283   Thumb Code     0  startup_stm32f40_41xxx.o(.text)
    TAMP_STAMP_IRQHandler                    0x08000283   Thumb Code     0  startup_stm32f40_41xxx.o(.text)
    TIM1_BRK_TIM9_IRQHandler                 0x08000283   Thumb Code     0  startup_stm32f40_41xxx.o(.text)
    TIM1_CC_IRQHandler                       0x08000283   Thumb Code     0  startup_stm32f40_41xxx.o(.text)
    TIM1_TRG_COM_TIM11_IRQHandler            0x08000283   Thumb Code     0  startup_stm32f40_41xxx.o(.text)
    TIM1_UP_TIM10_IRQHandler                 0x08000283   Thumb Code     0  startup_stm32f40_41xxx.o(.text)
    TIM2_IRQHandler                          0x08000283   Thumb Code     0  startup_stm32f40_41xxx.o(.text)
    TIM4_IRQHandler                          0x08000283   Thumb Code     0  startup_stm32f40_41xxx.o(.text)
    TIM6_DAC_IRQHandler                      0x08000283   Thumb Code     0  startup_stm32f40_41xxx.o(.text)
    TIM7_IRQHandler                          0x08000283   Thumb Code     0  startup_stm32f40_41xxx.o(.text)
    TIM8_BRK_TIM12_IRQHandler                0x08000283   Thumb Code     0  startup_stm32f40_41xxx.o(.text)
    TIM8_CC_IRQHandler                       0x08000283   Thumb Code     0  startup_stm32f40_41xxx.o(.text)
    TIM8_TRG_COM_TIM14_IRQHandler            0x08000283   Thumb Code     0  startup_stm32f40_41xxx.o(.text)
    TIM8_UP_TIM13_IRQHandler                 0x08000283   Thumb Code     0  startup_stm32f40_41xxx.o(.text)
    UART4_IRQHandler                         0x08000283   Thumb Code     0  startup_stm32f40_41xxx.o(.text)
    UART5_IRQHandler                         0x08000283   Thumb Code     0  startup_stm32f40_41xxx.o(.text)
    USART2_IRQHandler                        0x08000283   Thumb Code     0  startup_stm32f40_41xxx.o(.text)
    USART3_IRQHandler                        0x08000283   Thumb Code     0  startup_stm32f40_41xxx.o(.text)
    USART6_IRQHandler                        0x08000283   Thumb Code     0  startup_stm32f40_41xxx.o(.text)
    WWDG_IRQHandler                          0x08000283   Thumb Code     0  startup_stm32f40_41xxx.o(.text)
    __user_initial_stackheap                 0x08000285   Thumb Code     0  startup_stm32f40_41xxx.o(.text)
    __use_no_semihosting                     0x080002a9   Thumb Code     2  use_no_semi_2.o(.text)
    __use_two_region_memory                  0x080002ab   Thumb Code     2  heapauxi.o(.text)
    __rt_heap_escrow$2region                 0x080002ad   Thumb Code     2  heapauxi.o(.text)
    __rt_heap_expand$2region                 0x080002af   Thumb Code     2  heapauxi.o(.text)
    __I$use$semihosting                      0x080002b1   Thumb Code     0  use_no_semi.o(.text)
    __use_no_semihosting_swi                 0x080002b1   Thumb Code     2  use_no_semi.o(.text)
    __user_setup_stackheap                   0x080002b3   Thumb Code    74  sys_stackheap_outer.o(.text)
    exit                                     0x080002fd   Thumb Code    12  exit.o(.text)
    __user_libspace                          0x08000309   Thumb Code     8  libspace.o(.text)
    __user_perproc_libspace                  0x08000309   Thumb Code     0  libspace.o(.text)
    __user_perthread_libspace                0x08000309   Thumb Code     0  libspace.o(.text)
    ADC_Cmd                                  0x08000311   Thumb Code    22  stm32f4xx_adc.o(i.ADC_Cmd)
    ADC_CommonInit                           0x08000329   Thumb Code    34  stm32f4xx_adc.o(i.ADC_CommonInit)
    ADC_GetConversionValue                   0x08000359   Thumb Code     8  stm32f4xx_adc.o(i.ADC_GetConversionValue)
    ADC_GetFlagStatus                        0x08000361   Thumb Code    18  stm32f4xx_adc.o(i.ADC_GetFlagStatus)
    ADC_Init                                 0x08000375   Thumb Code    74  stm32f4xx_adc.o(i.ADC_Init)
    ADC_RegularChannelConfig                 0x080003c9   Thumb Code   184  stm32f4xx_adc.o(i.ADC_RegularChannelConfig)
    ADC_SoftwareStartConv                    0x08000481   Thumb Code    10  stm32f4xx_adc.o(i.ADC_SoftwareStartConv)
    Adc_Init                                 0x0800048d   Thumb Code   184  adc.o(i.Adc_Init)
    Ascend_Island                            0x08000555   Thumb Code   152  control.o(i.Ascend_Island)
    BusFault_Handler                         0x08000601   Thumb Code     4  stm32f4xx_it.o(i.BusFault_Handler)
    CAN1_Init                                0x08000605   Thumb Code   264  can.o(i.CAN1_Init)
    CAN1_RX0_IRQHandler                      0x08000715   Thumb Code    46  can.o(i.CAN1_RX0_IRQHandler)
    CAN1_TX_IRQHandler                       0x08000751   Thumb Code    22  can.o(i.CAN1_TX_IRQHandler)
    CAN_ClearFlag                            0x0800076d   Thumb Code    52  stm32f4xx_can.o(i.CAN_ClearFlag)
    CAN_ClearITPendingBit                    0x080007a5   Thumb Code   162  stm32f4xx_can.o(i.CAN_ClearITPendingBit)
    CAN_FilterInit                           0x0800084d   Thumb Code   258  stm32f4xx_can.o(i.CAN_FilterInit)
    CAN_GetITStatus                          0x08000955   Thumb Code   284  stm32f4xx_can.o(i.CAN_GetITStatus)
    CAN_ITConfig                             0x08000a75   Thumb Code    18  stm32f4xx_can.o(i.CAN_ITConfig)
    CAN_Init                                 0x08000a87   Thumb Code   276  stm32f4xx_can.o(i.CAN_Init)
    CAN_Receive                              0x08000b9b   Thumb Code   240  stm32f4xx_can.o(i.CAN_Receive)
    CAN_Transmit                             0x08000c8b   Thumb Code   294  stm32f4xx_can.o(i.CAN_Transmit)
    Control_Task                             0x08000dc5   Thumb Code    98  control.o(i.Control_Task)
    DebugMon_Handler                         0x08000e39   Thumb Code     2  stm32f4xx_it.o(i.DebugMon_Handler)
    GPIO_Init                                0x08000e3b   Thumb Code   144  stm32f4xx_gpio.o(i.GPIO_Init)
    GPIO_PinAFConfig                         0x08000ecb   Thumb Code    70  stm32f4xx_gpio.o(i.GPIO_PinAFConfig)
    GPIO_ReadInputDataBit                    0x08000f11   Thumb Code    18  stm32f4xx_gpio.o(i.GPIO_ReadInputDataBit)
    GPIO_SetBits                             0x08000f23   Thumb Code     4  stm32f4xx_gpio.o(i.GPIO_SetBits)
    GetWorkState                             0x08000f29   Thumb Code     6  control.o(i.GetWorkState)
    Get_Adc                                  0x08000f35   Thumb Code    44  adc.o(i.Get_Adc)
    Get_Enemy                                0x08000f65   Thumb Code   372  date_deal.o(i.Get_Enemy)
    HardFault_Handler                        0x080010e1   Thumb Code     4  stm32f4xx_it.o(i.HardFault_Handler)
    In_Island                                0x080010e5   Thumb Code   788  control.o(i.In_Island)
    Infrare_Convert                          0x08001415   Thumb Code   448  date_deal.o(i.Infrare_Convert)
    InfraredSensor_Scanf                     0x080015e1   Thumb Code   240  base_deal.o(i.InfraredSensor_Scanf)
    Island_Check                             0x080016e5   Thumb Code    24  control.o(i.Island_Check)
    Island_Position                          0x08001705   Thumb Code    84  control.o(i.Island_Position)
    KEY_Init                                 0x08001769   Thumb Code   134  key.o(i.KEY_Init)
    LED_Init                                 0x08001801   Thumb Code    56  led.o(i.LED_Init)
    MemManage_Handler                        0x0800183d   Thumb Code     4  stm32f4xx_it.o(i.MemManage_Handler)
    Motor_Data_Receive                       0x08001841   Thumb Code   114  can.o(i.Motor_Data_Receive)
    MyAbs                                    0x080018d9   Thumb Code    26  pid.o(i.MyAbs)
    NMI_Handler                              0x080018f3   Thumb Code     2  stm32f4xx_it.o(i.NMI_Handler)
    NVIC_Init                                0x080018f5   Thumb Code   106  misc.o(i.NVIC_Init)
    NVIC_PriorityGroupConfig                 0x0800196d   Thumb Code    10  misc.o(i.NVIC_PriorityGroupConfig)
    PID_Init                                 0x08001981   Thumb Code    78  pid.o(i.PID_Init)
    PID_Speed_Calc                           0x080019d9   Thumb Code   768  pid.o(i.PID_Speed_Calc)
    PendSV_Handler                           0x08001ce9   Thumb Code     2  stm32f4xx_it.o(i.PendSV_Handler)
    Position_Data_deal                       0x08001ceb   Thumb Code    26  can.o(i.Position_Data_deal)
    Position_To_Turns                        0x08001d05   Thumb Code    56  can.o(i.Position_To_Turns)
    RCC_AHB1PeriphClockCmd                   0x08001d41   Thumb Code    26  stm32f4xx_rcc.o(i.RCC_AHB1PeriphClockCmd)
    RCC_APB1PeriphClockCmd                   0x08001d61   Thumb Code    26  stm32f4xx_rcc.o(i.RCC_APB1PeriphClockCmd)
    RCC_APB2PeriphClockCmd                   0x08001d81   Thumb Code    26  stm32f4xx_rcc.o(i.RCC_APB2PeriphClockCmd)
    RCC_APB2PeriphResetCmd                   0x08001da1   Thumb Code    26  stm32f4xx_rcc.o(i.RCC_APB2PeriphResetCmd)
    Remove_Task                              0x08001dc1   Thumb Code   132  control.o(i.Remove_Task)
    SVC_Handler                              0x08001e65   Thumb Code     2  stm32f4xx_it.o(i.SVC_Handler)
    Servo_PWM_Init                           0x08001e67   Thumb Code    22  base_deal.o(i.Servo_PWM_Init)
    SetWorkState                             0x08001f69   Thumb Code     6  control.o(i.SetWorkState)
    Set_CM_Speed                             0x08001f75   Thumb Code    94  can.o(i.Set_CM_Speed)
    Speed_Data_deal                          0x08001fd9   Thumb Code    14  can.o(i.Speed_Data_deal)
    Start                                    0x08001fe9   Thumb Code    36  control.o(i.Start)
    Steer_Set                                0x08002015   Thumb Code    18  base_deal.o(i.Steer_Set)
    SysTick_CLKSourceConfig                  0x0800202d   Thumb Code    40  misc.o(i.SysTick_CLKSourceConfig)
    SysTick_Handler                          0x08002055   Thumb Code     2  stm32f4xx_it.o(i.SysTick_Handler)
    SystemInit                               0x08002059   Thumb Code    88  system_stm32f4xx.o(i.SystemInit)
    TIM3_IRQHandler                          0x080020c1   Thumb Code    38  timer.o(i.TIM3_IRQHandler)
    TIM3_Int_Init                            0x080020f1   Thumb Code    88  timer.o(i.TIM3_Int_Init)
    TIM4_PWM_Init                            0x0800214d   Thumb Code   160  pwm.o(i.TIM4_PWM_Init)
    TIM5_IRQHandler                          0x080021f5   Thumb Code   194  timer.o(i.TIM5_IRQHandler)
    TIM_ARRPreloadConfig                     0x080022c5   Thumb Code    24  stm32f4xx_tim.o(i.TIM_ARRPreloadConfig)
    TIM_ClearITPendingBit                    0x080022dd   Thumb Code     6  stm32f4xx_tim.o(i.TIM_ClearITPendingBit)
    TIM_Cmd                                  0x080022e3   Thumb Code    24  stm32f4xx_tim.o(i.TIM_Cmd)
    TIM_GetCapture2                          0x080022fb   Thumb Code     6  stm32f4xx_tim.o(i.TIM_GetCapture2)
    TIM_GetITStatus                          0x08002301   Thumb Code    34  stm32f4xx_tim.o(i.TIM_GetITStatus)
    TIM_ITConfig                             0x08002323   Thumb Code    18  stm32f4xx_tim.o(i.TIM_ITConfig)
    TIM_OC1Init                              0x08002335   Thumb Code   114  stm32f4xx_tim.o(i.TIM_OC1Init)
    TIM_OC1PreloadConfig                     0x080023b1   Thumb Code    18  stm32f4xx_tim.o(i.TIM_OC1PreloadConfig)
    TIM_OC2PolarityConfig                    0x080023c3   Thumb Code    26  stm32f4xx_tim.o(i.TIM_OC2PolarityConfig)
    TIM_SetCompare1                          0x080023dd   Thumb Code     4  stm32f4xx_tim.o(i.TIM_SetCompare1)
    TIM_SetCounter                           0x080023e1   Thumb Code     4  stm32f4xx_tim.o(i.TIM_SetCounter)
    TIM_TimeBaseInit                         0x080023e5   Thumb Code   104  stm32f4xx_tim.o(i.TIM_TimeBaseInit)
    USART1_IRQHandler                        0x08002469   Thumb Code   138  usart.o(i.USART1_IRQHandler)
    USART_GetITStatus                        0x08002505   Thumb Code    84  stm32f4xx_usart.o(i.USART_GetITStatus)
    USART_ReceiveData                        0x08002559   Thumb Code    10  stm32f4xx_usart.o(i.USART_ReceiveData)
    UsageFault_Handler                       0x08002563   Thumb Code     4  stm32f4xx_it.o(i.UsageFault_Handler)
    _sys_exit                                0x08002567   Thumb Code     4  usart.o(i._sys_exit)
    delay_init                               0x0800256d   Thumb Code    52  delay.o(i.delay_init)
    main                                     0x080025a9   Thumb Code   138  main.o(i.main)
    __aeabi_dneg                             0x0800267d   Thumb Code     0  basic.o(x$fpl$basic)
    _dneg                                    0x0800267d   Thumb Code     6  basic.o(x$fpl$basic)
    __aeabi_fneg                             0x08002683   Thumb Code     0  basic.o(x$fpl$basic)
    _fneg                                    0x08002683   Thumb Code     6  basic.o(x$fpl$basic)
    _dabs                                    0x08002689   Thumb Code     6  basic.o(x$fpl$basic)
    _fabs                                    0x0800268f   Thumb Code     6  basic.o(x$fpl$basic)
    __aeabi_d2f                              0x08002695   Thumb Code     0  d2f.o(x$fpl$d2f)
    _d2f                                     0x08002695   Thumb Code    98  d2f.o(x$fpl$d2f)
    __aeabi_dadd                             0x080026f9   Thumb Code     0  daddsub_clz.o(x$fpl$dadd)
    _dadd                                    0x080026f9   Thumb Code   332  daddsub_clz.o(x$fpl$dadd)
    __fpl_dcmp_Inf                           0x08002849   Thumb Code    24  dcmpi.o(x$fpl$dcmpinf)
    __aeabi_d2iz                             0x08002861   Thumb Code     0  dfix.o(x$fpl$dfix)
    _dfix                                    0x08002861   Thumb Code    94  dfix.o(x$fpl$dfix)
    __aeabi_i2d                              0x080028bf   Thumb Code     0  dflt_clz.o(x$fpl$dflt)
    _dflt                                    0x080028bf   Thumb Code    46  dflt_clz.o(x$fpl$dflt)
    __aeabi_cdcmple                          0x080028ed   Thumb Code     0  dleqf.o(x$fpl$dleqf)
    _dcmple                                  0x080028ed   Thumb Code   120  dleqf.o(x$fpl$dleqf)
    __fpl_dcmple_InfNaN                      0x0800294f   Thumb Code     0  dleqf.o(x$fpl$dleqf)
    __aeabi_dmul                             0x08002965   Thumb Code     0  dmul.o(x$fpl$dmul)
    _dmul                                    0x08002965   Thumb Code   332  dmul.o(x$fpl$dmul)
    __fpl_dnaninf                            0x08002ab9   Thumb Code   156  dnaninf.o(x$fpl$dnaninf)
    __fpl_dretinf                            0x08002b55   Thumb Code    12  dretinf.o(x$fpl$dretinf)
    __aeabi_cdrcmple                         0x08002b61   Thumb Code     0  drleqf.o(x$fpl$drleqf)
    _drcmple                                 0x08002b61   Thumb Code   108  drleqf.o(x$fpl$drleqf)
    __aeabi_dsub                             0x08002bcd   Thumb Code     0  daddsub_clz.o(x$fpl$dsub)
    _dsub                                    0x08002bcd   Thumb Code   464  daddsub_clz.o(x$fpl$dsub)
    __aeabi_f2d                              0x08002da1   Thumb Code     0  f2d.o(x$fpl$f2d)
    _f2d                                     0x08002da1   Thumb Code    86  f2d.o(x$fpl$f2d)
    __fpl_fnaninf                            0x08002df7   Thumb Code   140  fnaninf.o(x$fpl$fnaninf)
    _fp_init                                 0x08002e83   Thumb Code    10  fpinit.o(x$fpl$fpinit)
    __fplib_config_fpu_vfp                   0x08002e8b   Thumb Code     0  fpinit.o(x$fpl$fpinit)
    __fplib_config_pureend_doubles           0x08002e8b   Thumb Code     0  fpinit.o(x$fpl$fpinit)
    __fpl_fretinf                            0x08002e8d   Thumb Code    10  fretinf.o(x$fpl$fretinf)
    __I$use$fp                               0x08002e96   Number         0  usenofp.o(x$fpl$usenofp)
    Region$$Table$$Base                      0x08002e98   Number         0  anon$$obj.o(Region$$Table)
    Region$$Table$$Limit                     0x08002eb8   Number         0  anon$$obj.o(Region$$Table)
    time_2ms_count                           0x20000000   Data           4  timer.o(.data)
    TIM5CH2_CAPTURE_STA                      0x20000004   Data           1  timer.o(.data)
    TIM5CH2_CAPTURE_VAL                      0x20000008   Data           4  timer.o(.data)
    Sensor_count                             0x2000000c   Data           4  base_deal.o(.data)
    Vx                                       0x20000010   Data           2  control.o(.data)
    Vw                                       0x20000012   Data           2  control.o(.data)
    CM1_Speed                                0x20000014   Data           2  control.o(.data)
    CM2_Speed                                0x20000016   Data           2  control.o(.data)
    tem                                      0x20000018   Data           2  control.o(.data)
    Infrared_digital_Last                    0x2000001a   Data           2  control.o(.data)
    Ascend_start                             0x2000001c   Data           1  control.o(.data)
    Ascend_time_record                       0x20000020   Data           4  control.o(.data)
    Enemy_Check_Lock                         0x20000024   Data           1  control.o(.data)
    Lock_Time_Record                         0x20000028   Data           4  control.o(.data)
    Ascend_Can                               0x2000002c   Data           1  control.o(.data)
    workState                                0x2000002d   Data           1  control.o(.data)
    CONVERT_2Y0A02                           0x2000002e   Data         188  date_deal.o(.data)
    CONVERT_2Y0A21                           0x200000ea   Data         188  date_deal.o(.data)
    __stdout                                 0x200001ac   Data           4  usart.o(.data)
    USART_RX_STA                             0x200001b0   Data           2  usart.o(.data)
    Res                                      0x200001b2   Data           1  usart.o(.data)
    CM1_Speed_Feedback                       0x200001b4   Data          26  can.o(.bss)
    CM2_Speed_Feedback                       0x200001ce   Data          26  can.o(.bss)
    CM3_Speed_Feedback                       0x200001e8   Data          26  can.o(.bss)
    CM4_Speed_Feedback                       0x20000202   Data          26  can.o(.bss)
    CM1_Position_Feedback                    0x2000021c   Data          26  can.o(.bss)
    CM2_Position_Feedback                    0x20000236   Data          26  can.o(.bss)
    CM3_Position_Feedback                    0x20000250   Data          26  can.o(.bss)
    CM4_Position_Feedback                    0x2000026a   Data          26  can.o(.bss)
    rx_message                               0x20000284   Data          20  can.o(.bss)
    Sensor                                   0x20000298   Data         126  base_deal.o(.bss)
    CM1_Speed_Pid                            0x20000318   Data         120  pid.o(.bss)
    CM2_Speed_Pid                            0x20000390   Data         120  pid.o(.bss)
    Attitude                                 0x20000408   Data          52  date_deal.o(.bss)
    USART_RX_BUF                             0x2000043c   Data         200  usart.o(.bss)
    __libspace_start                         0x20000504   Data          96  libspace.o(.bss)
    __temporary_stack_top$libspace           0x20000564   Data           0  libspace.o(.bss)



==============================================================================

Memory Map of the image

  Image Entry point : 0x08000189

  Load Region LR_IROM1 (Base: 0x08000000, Size: 0x0000306c, Max: 0x00080000, ABSOLUTE, COMPRESSED[0x00002fe0])

    Execution Region ER_IROM1 (Base: 0x08000000, Size: 0x00002eb8, Max: 0x00080000, ABSOLUTE)

    Base Addr    Size         Type   Attr      Idx    E Section Name        Object

    0x08000000   0x00000188   Data   RO         2528    RESET               startup_stm32f40_41xxx.o
    0x08000188   0x00000008   Code   RO         2539  * !!!main             c_w.l(__main.o)
    0x08000190   0x00000034   Code   RO         2734    !!!scatter          c_w.l(__scatter.o)
    0x080001c4   0x0000005a   Code   RO         2732    !!dczerorl2         c_w.l(__dczerorl2.o)
    0x0800021e   0x00000002   PAD
    0x08000220   0x0000001c   Code   RO         2736    !!handler_zi        c_w.l(__scatter_zi.o)
    0x0800023c   0x00000002   Code   RO         2607    .ARM.Collect$$libinit$$00000000  c_w.l(libinit.o)
    0x0800023e   0x00000004   Code   RO         2613    .ARM.Collect$$libinit$$00000001  c_w.l(libinit2.o)
    0x08000242   0x00000000   Code   RO         2616    .ARM.Collect$$libinit$$00000004  c_w.l(libinit2.o)
    0x08000242   0x00000000   Code   RO         2619    .ARM.Collect$$libinit$$0000000A  c_w.l(libinit2.o)
    0x08000242   0x00000000   Code   RO         2621    .ARM.Collect$$libinit$$0000000C  c_w.l(libinit2.o)
    0x08000242   0x00000000   Code   RO         2623    .ARM.Collect$$libinit$$0000000E  c_w.l(libinit2.o)
    0x08000242   0x00000000   Code   RO         2626    .ARM.Collect$$libinit$$00000011  c_w.l(libinit2.o)
    0x08000242   0x00000000   Code   RO         2628    .ARM.Collect$$libinit$$00000013  c_w.l(libinit2.o)
    0x08000242   0x00000000   Code   RO         2630    .ARM.Collect$$libinit$$00000015  c_w.l(libinit2.o)
    0x08000242   0x00000000   Code   RO         2632    .ARM.Collect$$libinit$$00000017  c_w.l(libinit2.o)
    0x08000242   0x00000000   Code   RO         2634    .ARM.Collect$$libinit$$00000019  c_w.l(libinit2.o)
    0x08000242   0x00000000   Code   RO         2636    .ARM.Collect$$libinit$$0000001B  c_w.l(libinit2.o)
    0x08000242   0x00000000   Code   RO         2638    .ARM.Collect$$libinit$$0000001D  c_w.l(libinit2.o)
    0x08000242   0x00000000   Code   RO         2640    .ARM.Collect$$libinit$$0000001F  c_w.l(libinit2.o)
    0x08000242   0x00000000   Code   RO         2642    .ARM.Collect$$libinit$$00000021  c_w.l(libinit2.o)
    0x08000242   0x00000000   Code   RO         2644    .ARM.Collect$$libinit$$00000023  c_w.l(libinit2.o)
    0x08000242   0x00000000   Code   RO         2646    .ARM.Collect$$libinit$$00000025  c_w.l(libinit2.o)
    0x08000242   0x00000000   Code   RO         2650    .ARM.Collect$$libinit$$0000002C  c_w.l(libinit2.o)
    0x08000242   0x00000000   Code   RO         2652    .ARM.Collect$$libinit$$0000002E  c_w.l(libinit2.o)
    0x08000242   0x00000000   Code   RO         2654    .ARM.Collect$$libinit$$00000030  c_w.l(libinit2.o)
    0x08000242   0x00000000   Code   RO         2656    .ARM.Collect$$libinit$$00000032  c_w.l(libinit2.o)
    0x08000242   0x00000002   Code   RO         2657    .ARM.Collect$$libinit$$00000033  c_w.l(libinit2.o)
    0x08000244   0x00000002   Code   RO         2675    .ARM.Collect$$libshutdown$$00000000  c_w.l(libshutdown.o)
    0x08000246   0x00000000   Code   RO         2686    .ARM.Collect$$libshutdown$$00000003  c_w.l(libshutdown2.o)
    0x08000246   0x00000000   Code   RO         2689    .ARM.Collect$$libshutdown$$00000006  c_w.l(libshutdown2.o)
    0x08000246   0x00000000   Code   RO         2692    .ARM.Collect$$libshutdown$$00000009  c_w.l(libshutdown2.o)
    0x08000246   0x00000000   Code   RO         2694    .ARM.Collect$$libshutdown$$0000000B  c_w.l(libshutdown2.o)
    0x08000246   0x00000000   Code   RO         2697    .ARM.Collect$$libshutdown$$0000000E  c_w.l(libshutdown2.o)
    0x08000246   0x00000002   Code   RO         2698    .ARM.Collect$$libshutdown$$0000000F  c_w.l(libshutdown2.o)
    0x08000248   0x00000000   Code   RO         2571    .ARM.Collect$$rtentry$$00000000  c_w.l(__rtentry.o)
    0x08000248   0x00000000   Code   RO         2584    .ARM.Collect$$rtentry$$00000002  c_w.l(__rtentry2.o)
    0x08000248   0x00000006   Code   RO         2596    .ARM.Collect$$rtentry$$00000004  c_w.l(__rtentry4.o)
    0x0800024e   0x00000000   Code   RO         2586    .ARM.Collect$$rtentry$$00000009  c_w.l(__rtentry2.o)
    0x0800024e   0x00000004   Code   RO         2587    .ARM.Collect$$rtentry$$0000000A  c_w.l(__rtentry2.o)
    0x08000252   0x00000000   Code   RO         2589    .ARM.Collect$$rtentry$$0000000C  c_w.l(__rtentry2.o)
    0x08000252   0x00000008   Code   RO         2590    .ARM.Collect$$rtentry$$0000000D  c_w.l(__rtentry2.o)
    0x0800025a   0x00000002   Code   RO         2611    .ARM.Collect$$rtexit$$00000000  c_w.l(rtexit.o)
    0x0800025c   0x00000000   Code   RO         2659    .ARM.Collect$$rtexit$$00000002  c_w.l(rtexit2.o)
    0x0800025c   0x00000004   Code   RO         2660    .ARM.Collect$$rtexit$$00000003  c_w.l(rtexit2.o)
    0x08000260   0x00000006   Code   RO         2661    .ARM.Collect$$rtexit$$00000004  c_w.l(rtexit2.o)
    0x08000266   0x00000002   PAD
    0x08000268   0x00000040   Code   RO         2529    .text               startup_stm32f40_41xxx.o
    0x080002a8   0x00000002   Code   RO         2535    .text               c_w.l(use_no_semi_2.o)
    0x080002aa   0x00000006   Code   RO         2537    .text               c_w.l(heapauxi.o)
    0x080002b0   0x00000002   Code   RO         2569    .text               c_w.l(use_no_semi.o)
    0x080002b2   0x0000004a   Code   RO         2598    .text               c_w.l(sys_stackheap_outer.o)
    0x080002fc   0x0000000c   Code   RO         2600    .text               c_w.l(exit.o)
    0x08000308   0x00000008   Code   RO         2608    .text               c_w.l(libspace.o)
    0x08000310   0x00000016   Code   RO         2292    i.ADC_Cmd           stm32f4xx_adc.o
    0x08000326   0x00000002   PAD
    0x08000328   0x00000030   Code   RO         2293    i.ADC_CommonInit    stm32f4xx_adc.o
    0x08000358   0x00000008   Code   RO         2304    i.ADC_GetConversionValue  stm32f4xx_adc.o
    0x08000360   0x00000012   Code   RO         2305    i.ADC_GetFlagStatus  stm32f4xx_adc.o
    0x08000372   0x00000002   PAD
    0x08000374   0x00000054   Code   RO         2312    i.ADC_Init          stm32f4xx_adc.o
    0x080003c8   0x000000b8   Code   RO         2317    i.ADC_RegularChannelConfig  stm32f4xx_adc.o
    0x08000480   0x0000000a   Code   RO         2319    i.ADC_SoftwareStartConv  stm32f4xx_adc.o
    0x0800048a   0x00000002   PAD
    0x0800048c   0x000000c8   Code   RO          477    i.Adc_Init          adc.o
    0x08000554   0x000000ac   Code   RO          574    i.Ascend_Island     control.o
    0x08000600   0x00000004   Code   RO          180    i.BusFault_Handler  stm32f4xx_it.o
    0x08000604   0x00000110   Code   RO          409    i.CAN1_Init         can.o
    0x08000714   0x0000003c   Code   RO          410    i.CAN1_RX0_IRQHandler  can.o
    0x08000750   0x0000001c   Code   RO          411    i.CAN1_TX_IRQHandler  can.o
    0x0800076c   0x00000038   Code   RO          886    i.CAN_ClearFlag     stm32f4xx_can.o
    0x080007a4   0x000000a8   Code   RO          887    i.CAN_ClearITPendingBit  stm32f4xx_can.o
    0x0800084c   0x00000108   Code   RO          891    i.CAN_FilterInit    stm32f4xx_can.o
    0x08000954   0x00000120   Code   RO          893    i.CAN_GetITStatus   stm32f4xx_can.o
    0x08000a74   0x00000012   Code   RO          897    i.CAN_ITConfig      stm32f4xx_can.o
    0x08000a86   0x00000114   Code   RO          898    i.CAN_Init          stm32f4xx_can.o
    0x08000b9a   0x000000f0   Code   RO          901    i.CAN_Receive       stm32f4xx_can.o
    0x08000c8a   0x00000126   Code   RO          906    i.CAN_Transmit      stm32f4xx_can.o
    0x08000db0   0x00000012   Code   RO          909    i.CheckITStatus     stm32f4xx_can.o
    0x08000dc2   0x00000002   PAD
    0x08000dc4   0x00000074   Code   RO          575    i.Control_Task      control.o
    0x08000e38   0x00000002   Code   RO          181    i.DebugMon_Handler  stm32f4xx_it.o
    0x08000e3a   0x00000090   Code   RO         1049    i.GPIO_Init         stm32f4xx_gpio.o
    0x08000eca   0x00000046   Code   RO         1050    i.GPIO_PinAFConfig  stm32f4xx_gpio.o
    0x08000f10   0x00000012   Code   RO         1053    i.GPIO_ReadInputDataBit  stm32f4xx_gpio.o
    0x08000f22   0x00000004   Code   RO         1057    i.GPIO_SetBits      stm32f4xx_gpio.o
    0x08000f26   0x00000002   PAD
    0x08000f28   0x0000000c   Code   RO          576    i.GetWorkState      control.o
    0x08000f34   0x00000030   Code   RO          478    i.Get_Adc           adc.o
    0x08000f64   0x0000017c   Code   RO          691    i.Get_Enemy         date_deal.o
    0x080010e0   0x00000004   Code   RO          182    i.HardFault_Handler  stm32f4xx_it.o
    0x080010e4   0x00000330   Code   RO          577    i.In_Island         control.o
    0x08001414   0x000001cc   Code   RO          692    i.Infrare_Convert   date_deal.o
    0x080015e0   0x00000104   Code   RO          532    i.InfraredSensor_Scanf  base_deal.o
    0x080016e4   0x00000020   Code   RO          578    i.Island_Check      control.o
    0x08001704   0x00000064   Code   RO          579    i.Island_Position   control.o
    0x08001768   0x00000098   Code   RO          386    i.KEY_Init          key.o
    0x08001800   0x0000003c   Code   RO          366    i.LED_Init          led.o
    0x0800183c   0x00000004   Code   RO          183    i.MemManage_Handler  stm32f4xx_it.o
    0x08001840   0x00000098   Code   RO          412    i.Motor_Data_Receive  can.o
    0x080018d8   0x0000001a   Code   RO          653    i.MyAbs             pid.o
    0x080018f2   0x00000002   Code   RO          184    i.NMI_Handler       stm32f4xx_it.o
    0x080018f4   0x00000078   Code   RO          841    i.NVIC_Init         misc.o
    0x0800196c   0x00000014   Code   RO          842    i.NVIC_PriorityGroupConfig  misc.o
    0x08001980   0x00000058   Code   RO          654    i.PID_Init          pid.o
    0x080019d8   0x00000310   Code   RO          655    i.PID_Speed_Calc    pid.o
    0x08001ce8   0x00000002   Code   RO          185    i.PendSV_Handler    stm32f4xx_it.o
    0x08001cea   0x0000001a   Code   RO          413    i.Position_Data_deal  can.o
    0x08001d04   0x0000003c   Code   RO          414    i.Position_To_Turns  can.o
    0x08001d40   0x00000020   Code   RO         1146    i.RCC_AHB1PeriphClockCmd  stm32f4xx_rcc.o
    0x08001d60   0x00000020   Code   RO         1155    i.RCC_APB1PeriphClockCmd  stm32f4xx_rcc.o
    0x08001d80   0x00000020   Code   RO         1158    i.RCC_APB2PeriphClockCmd  stm32f4xx_rcc.o
    0x08001da0   0x00000020   Code   RO         1160    i.RCC_APB2PeriphResetCmd  stm32f4xx_rcc.o
    0x08001dc0   0x000000a4   Code   RO          580    i.Remove_Task       control.o
    0x08001e64   0x00000002   Code   RO          186    i.SVC_Handler       stm32f4xx_it.o
    0x08001e66   0x00000016   Code   RO          533    i.Servo_PWM_Init    base_deal.o
    0x08001e7c   0x000000ec   Code   RO          277    i.SetSysClock       system_stm32f4xx.o
    0x08001f68   0x0000000c   Code   RO          581    i.SetWorkState      control.o
    0x08001f74   0x00000064   Code   RO          415    i.Set_CM_Speed      can.o
    0x08001fd8   0x0000000e   Code   RO          416    i.Speed_Data_deal   can.o
    0x08001fe6   0x00000002   PAD
    0x08001fe8   0x0000002c   Code   RO          582    i.Start             control.o
    0x08002014   0x00000018   Code   RO          534    i.Steer_Set         base_deal.o
    0x0800202c   0x00000028   Code   RO          845    i.SysTick_CLKSourceConfig  misc.o
    0x08002054   0x00000002   Code   RO          187    i.SysTick_Handler   stm32f4xx_it.o
    0x08002056   0x00000002   PAD
    0x08002058   0x00000068   Code   RO          279    i.SystemInit        system_stm32f4xx.o
    0x080020c0   0x00000030   Code   RO          314    i.TIM3_IRQHandler   timer.o
    0x080020f0   0x0000005c   Code   RO          315    i.TIM3_Int_Init     timer.o
    0x0800214c   0x000000a8   Code   RO          506    i.TIM4_PWM_Init     pwm.o
    0x080021f4   0x000000d0   Code   RO          317    i.TIM5_IRQHandler   timer.o
    0x080022c4   0x00000018   Code   RO         1540    i.TIM_ARRPreloadConfig  stm32f4xx_tim.o
    0x080022dc   0x00000006   Code   RO         1547    i.TIM_ClearITPendingBit  stm32f4xx_tim.o
    0x080022e2   0x00000018   Code   RO         1552    i.TIM_Cmd           stm32f4xx_tim.o
    0x080022fa   0x00000006   Code   RO         1568    i.TIM_GetCapture2   stm32f4xx_tim.o
    0x08002300   0x00000022   Code   RO         1573    i.TIM_GetITStatus   stm32f4xx_tim.o
    0x08002322   0x00000012   Code   RO         1577    i.TIM_ITConfig      stm32f4xx_tim.o
    0x08002334   0x0000007c   Code   RO         1581    i.TIM_OC1Init       stm32f4xx_tim.o
    0x080023b0   0x00000012   Code   RO         1584    i.TIM_OC1PreloadConfig  stm32f4xx_tim.o
    0x080023c2   0x0000001a   Code   RO         1588    i.TIM_OC2PolarityConfig  stm32f4xx_tim.o
    0x080023dc   0x00000004   Code   RO         1614    i.TIM_SetCompare1   stm32f4xx_tim.o
    0x080023e0   0x00000004   Code   RO         1618    i.TIM_SetCounter    stm32f4xx_tim.o
    0x080023e4   0x00000084   Code   RO         1624    i.TIM_TimeBaseInit  stm32f4xx_tim.o
    0x08002468   0x0000009c   Code   RO          792    i.USART1_IRQHandler  usart.o
    0x08002504   0x00000054   Code   RO         2106    i.USART_GetITStatus  stm32f4xx_usart.o
    0x08002558   0x0000000a   Code   RO         2116    i.USART_ReceiveData  stm32f4xx_usart.o
    0x08002562   0x00000004   Code   RO          188    i.UsageFault_Handler  stm32f4xx_it.o
    0x08002566   0x00000004   Code   RO          793    i._sys_exit         usart.o
    0x0800256a   0x00000002   PAD
    0x0800256c   0x0000003c   Code   RO          728    i.delay_init        delay.o
    0x080025a8   0x000000d4   Code   RO            3    i.main              main.o
    0x0800267c   0x00000018   Code   RO         2541    x$fpl$basic         fz_wm.l(basic.o)
    0x08002694   0x00000062   Code   RO         2543    x$fpl$d2f           fz_wm.l(d2f.o)
    0x080026f6   0x00000002   PAD
    0x080026f8   0x00000150   Code   RO         2545    x$fpl$dadd          fz_wm.l(daddsub_clz.o)
    0x08002848   0x00000018   Code   RO         2572    x$fpl$dcmpinf       fz_wm.l(dcmpi.o)
    0x08002860   0x0000005e   Code   RO         2551    x$fpl$dfix          fz_wm.l(dfix.o)
    0x080028be   0x0000002e   Code   RO         2556    x$fpl$dflt          fz_wm.l(dflt_clz.o)
    0x080028ec   0x00000078   Code   RO         2561    x$fpl$dleqf         fz_wm.l(dleqf.o)
    0x08002964   0x00000154   Code   RO         2563    x$fpl$dmul          fz_wm.l(dmul.o)
    0x08002ab8   0x0000009c   Code   RO         2574    x$fpl$dnaninf       fz_wm.l(dnaninf.o)
    0x08002b54   0x0000000c   Code   RO         2576    x$fpl$dretinf       fz_wm.l(dretinf.o)
    0x08002b60   0x0000006c   Code   RO         2565    x$fpl$drleqf        fz_wm.l(drleqf.o)
    0x08002bcc   0x000001d4   Code   RO         2547    x$fpl$dsub          fz_wm.l(daddsub_clz.o)
    0x08002da0   0x00000056   Code   RO         2567    x$fpl$f2d           fz_wm.l(f2d.o)
    0x08002df6   0x0000008c   Code   RO         2578    x$fpl$fnaninf       fz_wm.l(fnaninf.o)
    0x08002e82   0x0000000a   Code   RO         2667    x$fpl$fpinit        fz_wm.l(fpinit.o)
    0x08002e8c   0x0000000a   Code   RO         2580    x$fpl$fretinf       fz_wm.l(fretinf.o)
    0x08002e96   0x00000000   Code   RO         2582    x$fpl$usenofp       fz_wm.l(usenofp.o)
    0x08002e96   0x00000002   PAD
    0x08002e98   0x00000020   Data   RO         2730    Region$$Table       anon$$obj.o


    Execution Region RW_IRAM1 (Base: 0x20000000, Size: 0x00000b68, Max: 0x00020000, ABSOLUTE, COMPRESSED[0x00000128])

    Base Addr    Size         Type   Attr      Idx    E Section Name        Object

    0x20000000   0x0000000c   Data   RW          319    .data               timer.o
    0x2000000c   0x00000004   Data   RW          536    .data               base_deal.o
    0x20000010   0x0000001e   Data   RW          583    .data               control.o
    0x2000002e   0x00000178   Data   RW          694    .data               date_deal.o
    0x200001a6   0x00000004   Data   RW          732    .data               delay.o
    0x200001aa   0x00000002   PAD
    0x200001ac   0x00000007   Data   RW          797    .data               usart.o
    0x200001b3   0x00000001   PAD
    0x200001b4   0x000000e4   Zero   RW          417    .bss                can.o
    0x20000298   0x0000007e   Zero   RW          535    .bss                base_deal.o
    0x20000316   0x00000002   PAD
    0x20000318   0x000000f0   Zero   RW          656    .bss                pid.o
    0x20000408   0x00000034   Zero   RW          693    .bss                date_deal.o
    0x2000043c   0x000000c8   Zero   RW          796    .bss                usart.o
    0x20000504   0x00000060   Zero   RW         2609    .bss                c_w.l(libspace.o)
    0x20000564   0x00000004   PAD
    0x20000568   0x00000200   Zero   RW         2527    HEAP                startup_stm32f40_41xxx.o
    0x20000768   0x00000400   Zero   RW         2526    STACK               startup_stm32f40_41xxx.o


==============================================================================

Image component sizes


      Code (inc. data)   RO Data    RW Data    ZI Data      Debug   Object Name

       248         20          0          0          0       1281   adc.o
       306         26          0          4        126       2514   base_deal.o
       712         76          0          0        228       6311   can.o
      1468        142          0         30          0       6435   control.o
       840         20          0        376         52       2487   date_deal.o
        60          8          0          4          0        773   delay.o
       152         18          0          0          0        607   key.o
        60          4          0          0          0        543   led.o
       212         74          0          0          0     289047   main.o
       180         24          0          0          0       2125   misc.o
       898         26          0          0        240       3310   pid.o
       168          8          0          0          0        780   pwm.o
        64         26        392          0       1536        836   startup_stm32f40_41xxx.o
       374         24          0          0          0       5578   stm32f4xx_adc.o
      1622         20          0          0          0       7130   stm32f4xx_can.o
       236          0          0          0          0       2998   stm32f4xx_gpio.o
        26          0          0          0          0       4314   stm32f4xx_it.o
       128         24          0          0          0       2404   stm32f4xx_rcc.o
       420         38          0          0          0       7979   stm32f4xx_tim.o
        94          0          0          0          0       2000   stm32f4xx_usart.o
       340         32          0          0          0       1565   system_stm32f4xx.o
       348         28          0         12          0       2586   timer.o
       160         18          0          7        200       2996   usart.o

    ----------------------------------------------------------------------
      9132        656        424        436       2384     356599   Object Totals
         0          0         32          0          0          0   (incl. Generated)
        16          0          0          3          2          0   (incl. Padding)

    ----------------------------------------------------------------------

      Code (inc. data)   RO Data    RW Data    ZI Data      Debug   Library Member Name

        90          0          0          0          0          0   __dczerorl2.o
         8          0          0          0          0         68   __main.o
         0          0          0          0          0          0   __rtentry.o
        12          0          0          0          0          0   __rtentry2.o
         6          0          0          0          0          0   __rtentry4.o
        52          8          0          0          0          0   __scatter.o
        28          0          0          0          0          0   __scatter_zi.o
        12          0          0          0          0         72   exit.o
         6          0          0          0          0        152   heapauxi.o
         2          0          0          0          0          0   libinit.o
         6          0          0          0          0          0   libinit2.o
         2          0          0          0          0          0   libshutdown.o
         2          0          0          0          0          0   libshutdown2.o
         8          4          0          0         96         68   libspace.o
         2          0          0          0          0          0   rtexit.o
        10          0          0          0          0          0   rtexit2.o
        74          0          0          0          0         80   sys_stackheap_outer.o
         2          0          0          0          0         68   use_no_semi.o
         2          0          0          0          0         68   use_no_semi_2.o
        24          0          0          0          0        164   basic.o
        98          4          0          0          0        140   d2f.o
       804         16          0          0          0        368   daddsub_clz.o
        24          0          0          0          0        116   dcmpi.o
        94          4          0          0          0        140   dfix.o
        46          0          0          0          0        116   dflt_clz.o
       120          4          0          0          0        140   dleqf.o
       340         12          0          0          0        152   dmul.o
       156          4          0          0          0        140   dnaninf.o
        12          0          0          0          0        116   dretinf.o
       108          0          0          0          0        128   drleqf.o
        86          4          0          0          0        132   f2d.o
       140          4          0          0          0        132   fnaninf.o
        10          0          0          0          0        116   fpinit.o
        10          0          0          0          0        116   fretinf.o
         0          0          0          0          0          0   usenofp.o

    ----------------------------------------------------------------------
      2404         64          0          0        100       2792   Library Totals
         8          0          0          0          4          0   (incl. Padding)

    ----------------------------------------------------------------------

      Code (inc. data)   RO Data    RW Data    ZI Data      Debug   Library Name

       324         12          0          0         96        576   c_w.l
      2072         52          0          0          0       2216   fz_wm.l

    ----------------------------------------------------------------------
      2404         64          0          0        100       2792   Library Totals

    ----------------------------------------------------------------------

==============================================================================


      Code (inc. data)   RO Data    RW Data    ZI Data      Debug   

     11536        720        424        436       2484     349635   Grand Totals
     11536        720        424        296       2484     349635   ELF Image Totals (compressed)
     11536        720        424        296          0          0   ROM Totals

==============================================================================

    Total RO  Size (Code + RO Data)                11960 (  11.68kB)
    Total RW  Size (RW Data + ZI Data)              2920 (   2.85kB)
    Total ROM Size (Code + RO Data + RW Data)      12256 (  11.97kB)

==============================================================================

